Component: ARM Compiler 5.06 update 7 (build 960) Tool: armlink [4d3601]

==============================================================================

Section Cross References

    startup_stm32f103xe.o(RESET) refers to startup_stm32f103xe.o(STACK) for __initial_sp
    startup_stm32f103xe.o(RESET) refers to startup_stm32f103xe.o(.text) for Reset_Handler
    startup_stm32f103xe.o(RESET) refers to stm32f1xx_it.o(i.NMI_Handler) for NMI_Handler
    startup_stm32f103xe.o(RESET) refers to stm32f1xx_it.o(i.MemManage_Handler) for MemManage_Handler
    startup_stm32f103xe.o(RESET) refers to stm32f1xx_it.o(i.BusFault_Handler) for BusFault_Handler
    startup_stm32f103xe.o(RESET) refers to stm32f1xx_it.o(i.DebugMon_Handler) for DebugMon_Handler
    startup_stm32f103xe.o(RESET) refers to port.o(.emb_text) for PendSV_Handler
    startup_stm32f103xe.o(RESET) refers to port.o(i.SysTick_Handler) for SysTick_Handler
    startup_stm32f103xe.o(RESET) refers to driver_usart.o(i.USART1_IRQHandler) for USART1_IRQHandler
    startup_stm32f103xe.o(RESET) refers to stm32f1xx_it.o(i.USART3_IRQHandler) for USART3_IRQHandler
    startup_stm32f103xe.o(RESET) refers to driver_key.o(i.EXTI15_10_IRQHandler) for EXTI15_10_IRQHandler
    startup_stm32f103xe.o(RESET) refers to stm32f1xx_it.o(i.TIM8_UP_IRQHandler) for TIM8_UP_IRQHandler
    startup_stm32f103xe.o(.text) refers to stm32f1xx_it.o(i.rt_hw_hard_fault_exception) for rt_hw_hard_fault_exception
    startup_stm32f103xe.o(.text) refers to stm32f1xx_it.o(i.usage_fault_exception) for usage_fault_exception
    startup_stm32f103xe.o(.text) refers to port.o(.emb_text) for SVC_Handler
    startup_stm32f103xe.o(.text) refers to stm32f1xx_it.o(i.svc_exception) for svc_exception
    startup_stm32f103xe.o(.text) refers to system_stm32f1xx.o(i.SystemInit) for SystemInit
    startup_stm32f103xe.o(.text) refers to entry.o(.ARM.Collect$$$$00000000) for __main
    main.o(i.A) refers to main.o(i.B) for B
    main.o(i.A) refers to main.o(i.C) for C
    main.o(i.B) refers to strcpy.o(.text) for strcpy
    main.o(i.D) refers to printf8.o(i.__0printf$8) for __2printf
    main.o(i.D) refers to main.o(i.C) for C
    main.o(i.HAL_TIM_PeriodElapsedCallback) refers to stm32f1xx_hal.o(i.HAL_IncTick) for HAL_IncTick
    main.o(i.SystemClock_Config) refers to memseta.o(.text) for __aeabi_memclr4
    main.o(i.SystemClock_Config) refers to stm32f1xx_hal_rcc.o(i.HAL_RCC_OscConfig) for HAL_RCC_OscConfig
    main.o(i.SystemClock_Config) refers to main.o(i.Error_Handler) for Error_Handler
    main.o(i.SystemClock_Config) refers to stm32f1xx_hal_rcc.o(i.HAL_RCC_ClockConfig) for HAL_RCC_ClockConfig
    main.o(i.TestDebug) refers to main.o(i.UsageFaultInit) for UsageFaultInit
    main.o(i.TestDebug) refers to main.o(i.A) for A
    main.o(i.main) refers to stm32f1xx_hal.o(i.HAL_Init) for HAL_Init
    main.o(i.main) refers to main.o(i.SystemClock_Config) for SystemClock_Config
    main.o(i.main) refers to gpio.o(i.MX_GPIO_Init) for MX_GPIO_Init
    main.o(i.main) refers to usart.o(i.MX_USART1_UART_Init) for MX_USART1_UART_Init
    main.o(i.main) refers to usart.o(i.MX_USART3_UART_Init) for MX_USART3_UART_Init
    main.o(i.main) refers to driver_key.o(i.KEY_GPIO_ReInit) for KEY_GPIO_ReInit
    main.o(i.main) refers to ring_buffer.o(i.ring_buffer_init) for ring_buffer_init
    main.o(i.main) refers to driver_usart.o(i.EnableDebugIRQ) for EnableDebugIRQ
    main.o(i.main) refers to printf8.o(i.__0printf$8) for __2printf
    main.o(i.main) refers to main.o(i.TestDebug) for TestDebug
    main.o(i.main) refers to cmsis_os2.o(i.osKernelInitialize) for osKernelInitialize
    main.o(i.main) refers to freertos.o(i.MX_FREERTOS_Init) for MX_FREERTOS_Init
    main.o(i.main) refers to cmsis_os2.o(i.osKernelStart) for osKernelStart
    main.o(i.main) refers to main.o(.bss) for test_buffer
    gpio.o(i.MX_GPIO_Init) refers to stm32f1xx_hal_gpio.o(i.HAL_GPIO_WritePin) for HAL_GPIO_WritePin
    gpio.o(i.MX_GPIO_Init) refers to stm32f1xx_hal_gpio.o(i.HAL_GPIO_Init) for HAL_GPIO_Init
    freertos.o(i.MX_FREERTOS_Init) refers to cmsis_os2.o(i.osThreadNew) for osThreadNew
    freertos.o(i.MX_FREERTOS_Init) refers to freertos.o(.constdata) for defaultTask_attributes
    freertos.o(i.MX_FREERTOS_Init) refers to freertos.o(i.StartDefaultTask) for StartDefaultTask
    freertos.o(i.MX_FREERTOS_Init) refers to freertos.o(.data) for defaultTaskHandle
    freertos.o(i.StartDefaultTask) refers to printf8.o(i.__0printf$8) for __2printf
    freertos.o(i.StartDefaultTask) refers to cmsis_os2.o(i.osDelay) for osDelay
    freertos.o(.constdata) refers to freertos.o(.conststring) for .conststring
    usart.o(i.HAL_UART_MspDeInit) refers to stm32f1xx_hal_gpio.o(i.HAL_GPIO_DeInit) for HAL_GPIO_DeInit
    usart.o(i.HAL_UART_MspDeInit) refers to stm32f1xx_hal_cortex.o(i.HAL_NVIC_DisableIRQ) for HAL_NVIC_DisableIRQ
    usart.o(i.HAL_UART_MspInit) refers to stm32f1xx_hal_gpio.o(i.HAL_GPIO_Init) for HAL_GPIO_Init
[...]
    ..\Core\Src\gpio.c                       0x00000000   Number         0  gpio.o ABSOLUTE
    ..\Core\Src\main.c                       0x00000000   Number         0  main.o ABSOLUTE
    ..\Core\Src\stm32f1xx_hal_msp.c          0x00000000   Number         0  stm32f1xx_hal_msp.o ABSOLUTE
    ..\Core\Src\stm32f1xx_hal_timebase_tim.c 0x00000000   Number         0  stm32f1xx_hal_timebase_tim.o ABSOLUTE
    ..\Core\Src\stm32f1xx_it.c               0x00000000   Number         0  stm32f1xx_it.o ABSOLUTE
    ..\Core\Src\system_stm32f1xx.c           0x00000000   Number         0  system_stm32f1xx.o ABSOLUTE
    ..\Core\Src\usart.c                      0x00000000   Number         0  usart.o ABSOLUTE
    ..\Drivers\STM32F1xx_HAL_Driver\Src\stm32f1xx_hal.c 0x00000000   Number         0  stm32f1xx_hal.o ABSOLUTE
    ..\Drivers\STM32F1xx_HAL_Driver\Src\stm32f1xx_hal_cortex.c 0x00000000   Number         0  stm32f1xx_hal_cortex.o ABSOLUTE
    ..\Drivers\STM32F1xx_HAL_Driver\Src\stm32f1xx_hal_dma.c 0x00000000   Number         0  stm32f1xx_hal_dma.o ABSOLUTE
    ..\Drivers\STM32F1xx_HAL_Driver\Src\stm32f1xx_hal_exti.c 0x00000000   Number         0  stm32f1xx_hal_exti.o ABSOLUTE
    ..\Drivers\STM32F1xx_HAL_Driver\Src\stm32f1xx_hal_flash.c 0x00000000   Number         0  stm32f1xx_hal_flash.o ABSOLUTE
    ..\Drivers\STM32F1xx_HAL_Driver\Src\stm32f1xx_hal_flash_ex.c 0x00000000   Number         0  stm32f1xx_hal_flash_ex.o ABSOLUTE
    ..\Drivers\STM32F1xx_HAL_Driver\Src\stm32f1xx_hal_gpio.c 0x00000000   Number         0  stm32f1xx_hal_gpio.o ABSOLUTE
    ..\Drivers\STM32F1xx_HAL_Driver\Src\stm32f1xx_hal_gpio_ex.c 0x00000000   Number         0  stm32f1xx_hal_gpio_ex.o ABSOLUTE
    ..\Drivers\STM32F1xx_HAL_Driver\Src\stm32f1xx_hal_pwr.c 0x00000000   Number         0  stm32f1xx_hal_pwr.o ABSOLUTE
    ..\Drivers\STM32F1xx_HAL_Driver\Src\stm32f1xx_hal_rcc.c 0x00000000   Number         0  stm32f1xx_hal_rcc.o ABSOLUTE
    ..\Drivers\STM32F1xx_HAL_Driver\Src\stm32f1xx_hal_rcc_ex.c 0x00000000   Number         0  stm32f1xx_hal_rcc_ex.o ABSOLUTE
    ..\Drivers\STM32F1xx_HAL_Driver\Src\stm32f1xx_hal_tim.c 0x00000000   Number         0  stm32f1xx_hal_tim.o ABSOLUTE
    ..\Drivers\STM32F1xx_HAL_Driver\Src\stm32f1xx_hal_tim_ex.c 0x00000000   Number         0  stm32f1xx_hal_tim_ex.o ABSOLUTE
    ..\Drivers\STM32F1xx_HAL_Driver\Src\stm32f1xx_hal_uart.c 0x00000000   Number         0  stm32f1xx_hal_uart.o ABSOLUTE
    ..\Middlewares\Third_Party\FreeRTOS\Source\CMSIS_RTOS_V2\cmsis_os2.c 0x00000000   Number         0  cmsis_os2.o ABSOLUTE
    ..\Middlewares\Third_Party\FreeRTOS\Source\portable\RVDS\ARM_CM3\port.c 0x00000000   Number         0  port.o ABSOLUTE
    ..\ModuleDrivers\driver_key.c            0x00000000   Number         0  driver_key.o ABSOLUTE
    ..\ModuleDrivers\driver_usart.c          0x00000000   Number         0  driver_usart.o ABSOLUTE
    ..\ModuleDrivers\ring_buffer.c           0x00000000   Number         0  ring_buffer.o ABSOLUTE
    ..\\ModuleDrivers\\driver_key.c          0x00000000   Number         0  driver_key.o ABSOLUTE
    ..\\ModuleDrivers\\driver_usart.c        0x00000000   Number         0  driver_usart.o ABSOLUTE
    ..\\ModuleDrivers\\ring_buffer.c         0x00000000   Number         0  ring_buffer.o ABSOLUTE
    cdrcmple.s                               0x00000000   Number         0  cdrcmple.o ABSOLUTE
    dc.s                                     0x00000000   Number         0  dc.o ABSOLUTE
    handlers.s                               0x00000000   Number         0  handlers.o ABSOLUTE
    init.s                                   0x00000000   Number         0  init.o ABSOLUTE
    startup_stm32f103xe.s                    0x00000000   Number         0  startup_stm32f103xe.o ABSOLUTE
    RESET                                    0x08000000   Section      304  startup_stm32f103xe.o(RESET)
    .ARM.Collect$$$$00000000                 0x08000130   Section        0  entry.o(.ARM.Collect$$$$00000000)
    .ARM.Collect$$$$00000001                 0x08000130   Section        4  entry2.o(.ARM.Collect$$$$00000001)
    .ARM.Collect$$$$00000004                 0x08000134   Section        4  entry5.o(.ARM.Collect$$$$00000004)
    .ARM.Collect$$$$00000008                 0x08000138   Section        0  entry7b.o(.ARM.Collect$$$$00000008)
    .ARM.Collect$$$$0000000A                 0x08000138   Section        0  entry8b.o(.ARM.Collect$$$$0000000A)
    .ARM.Collect$$$$0000000B                 0x08000138   Section        8  entry9a.o(.ARM.Collect$$$$0000000B)
    .ARM.Collect$$$$0000000E                 0x08000140   Section        4  entry12b.o(.ARM.Collect$$$$0000000E)
    .ARM.Collect$$$$0000000F                 0x08000144   Section        0  entry10a.o(.ARM.Collect$$$$0000000F)
    .ARM.Collect$$$$00000011                 0x08000144   Section        0  entry11a.o(.ARM.Collect$$$$00000011)
    .ARM.Collect$$$$00002712                 0x08000144   Section        4  entry2.o(.ARM.Collect$$$$00002712)
    __lit__00000000                          0x08000144   Data           4  entry2.o(.ARM.Collect$$$$00002712)
    .emb_text                                0x08000148   Section      150  port.o(.emb_text)
    .text                                    0x080001e0   Section      220  startup_stm32f103xe.o(.text)
    UsageFault_Handler                       0x08000223   Thumb Code    52  startup_stm32f103xe.o(.text)
    SVC_Handler_asm                          0x08000257   Thumb Code    84  startup_stm32f103xe.o(.text)
    .text                                    0x080002bc   Section        0  llushr.o(.text)
    .text                                    0x080002dc   Section        0  memcpya.o(.text)
    .text                                    0x08000300   Section        0  memseta.o(.text)
    .text                                    0x08000324   Section        0  strcpy.o(.text)
    .text                                    0x08000336   Section        0  uldiv.o(.text)
    .text                                    0x08000398   Section       36  init.o(.text)
    .text                                    0x080003bc   Section        0  llshl.o(.text)
    i.A                                      0x080003da   Section        0  main.o(i.A)
    A                                        0x080003db   Thumb Code    24  main.o(i.A)
    i.B                                      0x080003f4   Section        0  main.o(i.B)
    B                                        0x080003f5   Thumb Code    14  main.o(i.B)
    i.BusFault_Handler                       0x08000418   Section        0  stm32f1xx_it.o(i.BusFault_Handler)
    i.C                                      0x0800041c   Section        0  main.o(i.C)
    C                                        0x0800041d   Thumb Code    10  main.o(i.C)
    i.DebugMon_Handler                       0x08000426   Section        0  stm32f1xx_it.o(i.DebugMon_Handler)
    i.EXTI15_10_IRQHandler                   0x08000428   Section        0  driver_key.o(i.EXTI15_10_IRQHandler)
    i.EnableDebugIRQ                         0x0800043c   Section        0  driver_usart.o(i.EnableDebugIRQ)
    i.Error_Handler                          0x08000464   Section        0  main.o(i.Error_Handler)
    i.HAL_DMA_Abort                          0x0800046a   Section        0  stm32f1xx_hal_dma.o(i.HAL_DMA_Abort)
    i.HAL_DMA_Abort_IT                       0x080004c0   Section        0  stm32f1xx_hal_dma.o(i.HAL_DMA_Abort_IT)
    i.HAL_GPIO_EXTI_Callback                 0x08000668   Section        0  driver_key.o(i.HAL_GPIO_EXTI_Callback)
    i.HAL_GPIO_EXTI_IRQHandler               0x080006a4   Section        0  stm32f1xx_hal_gpio.o(i.HAL_GPIO_EXTI_IRQHandler)
    i.HAL_GPIO_Init                          0x080006c0   Section        0  stm32f1xx_hal_gpio.o(i.HAL_GPIO_Init)
    i.HAL_GPIO_ReadPin                       0x08000a00   Section        0  stm32f1xx_hal_gpio.o(i.HAL_GPIO_ReadPin)
    i.HAL_GPIO_WritePin                      0x08000a10   Section        0  stm32f1xx_hal_gpio.o(i.HAL_GPIO_WritePin)
    i.HAL_GetTick                            0x08000a1c   Section        0  stm32f1xx_hal.o(i.HAL_GetTick)
    i.HAL_IncTick                            0x08000a28   Section        0  stm32f1xx_hal.o(i.HAL_IncTick)
    i.HAL_Init                               0x08000a40   Section        0  stm32f1xx_hal.o(i.HAL_Init)
    i.HAL_InitTick                           0x08000a68   Section        0  stm32f1xx_hal_timebase_tim.o(i.HAL_InitTick)
    i.HAL_MspInit                            0x08000af0   Section        0  stm32f1xx_hal_msp.o(i.HAL_MspInit)
    i.HAL_NVIC_EnableIRQ                     0x08000b50   Section        0  stm32f1xx_hal_cortex.o(i.HAL_NVIC_EnableIRQ)
    i.HAL_NVIC_SetPriority                   0x08000b70   Section        0  stm32f1xx_hal_cortex.o(i.HAL_NVIC_SetPriority)
    i.HAL_NVIC_SetPriorityGrouping           0x08000bec   Section        0  stm32f1xx_hal_cortex.o(i.HAL_NVIC_SetPriorityGrouping)
    i.HAL_RCC_ClockConfig                    0x08000c14   Section        0  stm32f1xx_hal_rcc.o(i.HAL_RCC_ClockConfig)
    i.HAL_RCC_GetClockConfig                 0x08000da0   Section        0  stm32f1xx_hal_rcc.o(i.HAL_RCC_GetClockConfig)
    i.HAL_RCC_GetHCLKFreq                    0x08000de4   Section        0  stm32f1xx_hal_rcc.o(i.HAL_RCC_GetHCLKFreq)
    i.HAL_RCC_GetPCLK1Freq                   0x08000df0   Section        0  stm32f1xx_hal_rcc.o(i.HAL_RCC_GetPCLK1Freq)
    i.HAL_RCC_GetPCLK2Freq                   0x08000e10   Section        0  stm32f1xx_hal_rcc.o(i.HAL_RCC_GetPCLK2Freq)
    i.HAL_RCC_GetSysClockFreq                0x08000e30   Section        0  stm32f1xx_hal_rcc.o(i.HAL_RCC_GetSysClockFreq)
    i.HAL_RCC_OscConfig                      0x08000ec4   Section        0  stm32f1xx_hal_rcc.o(i.HAL_RCC_OscConfig)
    i.HAL_TIMEx_BreakCallback                0x08001328   Section        0  stm32f1xx_hal_tim_ex.o(i.HAL_TIMEx_BreakCallback)
    i.HAL_TIMEx_CommutCallback               0x0800132a   Section        0  stm32f1xx_hal_tim_ex.o(i.HAL_TIMEx_CommutCallback)
    i.HAL_TIM_Base_Init                      0x0800132c   Section        0  stm32f1xx_hal_tim.o(i.HAL_TIM_Base_Init)
    i.HAL_TIM_Base_MspInit                   0x08001392   Section        0  stm32f1xx_hal_tim.o(i.HAL_TIM_Base_MspInit)
    i.HAL_TIM_Base_Start_IT                  0x08001394   Section        0  stm32f1xx_hal_tim.o(i.HAL_TIM_Base_Start_IT)
    i.HAL_TIM_IC_CaptureCallback             0x08001424   Section        0  stm32f1xx_hal_tim.o(i.HAL_TIM_IC_CaptureCallback)
    i.HAL_TIM_IRQHandler                     0x08001426   Section        0  stm32f1xx_hal_tim.o(i.HAL_TIM_IRQHandler)
    i.HAL_TIM_OC_DelayElapsedCallback        0x080015bc   Section        0  stm32f1xx_hal_tim.o(i.HAL_TIM_OC_DelayElapsedCallback)
    i.HAL_TIM_PWM_PulseFinishedCallback      0x080015be   Section        0  stm32f1xx_hal_tim.o(i.HAL_TIM_PWM_PulseFinishedCallback)
    i.HAL_TIM_PeriodElapsedCallback          0x080015c0   Section        0  main.o(i.HAL_TIM_PeriodElapsedCallback)
    i.HAL_TIM_TriggerCallback                0x080015d8   Section        0  stm32f1xx_hal_tim.o(i.HAL_TIM_TriggerCallback)
    i.HAL_UARTEx_RxEventCallback             0x080015da   Section        0  stm32f1xx_hal_uart.o(i.HAL_UARTEx_RxEventCallback)
    i.HAL_UART_ErrorCallback                 0x080015dc   Section        0  stm32f1xx_hal_uart.o(i.HAL_UART_ErrorCallback)
    i.HAL_UART_IRQHandler                    0x080015e0   Section        0  stm32f1xx_hal_uart.o(i.HAL_UART_IRQHandler)
    i.HAL_UART_Init                          0x0800182c   Section        0  stm32f1xx_hal_uart.o(i.HAL_UART_Init)
    i.HAL_UART_MspInit                       0x080018a0   Section        0  usart.o(i.HAL_UART_MspInit)
    i.HAL_UART_RxCpltCallback                0x080019c4   Section        0  driver_usart.o(i.HAL_UART_RxCpltCallback)
    i.HAL_UART_TxCpltCallback                0x080019dc   Section        0  driver_usart.o(i.HAL_UART_TxCpltCallback)
    i.KEY_GPIO_ReInit                        0x080019f4   Section        0  driver_key.o(i.KEY_GPIO_ReInit)
    i.MX_FREERTOS_Init                       0x08001a7c   Section        0  freertos.o(i.MX_FREERTOS_Init)
    i.MX_GPIO_Init                           0x08001a9c   Section        0  gpio.o(i.MX_GPIO_Init)
    i.MX_USART1_UART_Init                    0x08001bbc   Section        0  usart.o(i.MX_USART1_UART_Init)
    i.MX_USART3_UART_Init                    0x08001bf4   Section        0  usart.o(i.MX_USART3_UART_Init)
    i.MemManage_Handler                      0x08001c2c   Section        0  stm32f1xx_it.o(i.MemManage_Handler)
    i.NMI_Handler                            0x08001c30   Section        0  stm32f1xx_it.o(i.NMI_Handler)
    i.RCC_Delay                              0x08001c34   Section        0  stm32f1xx_hal_rcc.o(i.RCC_Delay)
    RCC_Delay                                0x08001c35   Thumb Code    36  stm32f1xx_hal_rcc.o(i.RCC_Delay)
    i.StartDefaultTask                       0x08001c5c   Section        0  freertos.o(i.StartDefaultTask)
    i.SysTick_Handler                        0x08001ca4   Section        0  port.o(i.SysTick_Handler)
    i.SystemClock_Config                     0x08001cd8   Section        0  main.o(i.SystemClock_Config)
    i.SystemInit                             0x08001d3e   Section        0  system_stm32f1xx.o(i.SystemInit)
    i.TIM8_UP_IRQHandler                     0x08001d40   Section        0  stm32f1xx_it.o(i.TIM8_UP_IRQHandler)
    i.TIM_Base_SetConfig                     0x08001d50   Section        0  stm32f1xx_hal_tim.o(i.TIM_Base_SetConfig)
    i.TestDebug                              0x08001dec   Section        0  main.o(i.TestDebug)
    i.UART_DMAAbortOnError                   0x08001e08   Section        0  stm32f1xx_hal_uart.o(i.UART_DMAAbortOnError)
    UART_DMAAbortOnError                     0x08001e09   Thumb Code    20  stm32f1xx_hal_uart.o(i.UART_DMAAbortOnError)
    i.UART_EndRxTransfer                     0x08001e1c   Section        0  stm32f1xx_hal_uart.o(i.UART_EndRxTransfer)
    UART_EndRxTransfer                       0x08001e1d   Thumb Code    54  stm32f1xx_hal_uart.o(i.UART_EndRxTransfer)
    i.UART_EndTransmit_IT                    0x08001e52   Section        0  stm32f1xx_hal_uart.o(i.UART_EndTransmit_IT)
    UART_EndTransmit_IT                      0x08001e53   Thumb Code    32  stm32f1xx_hal_uart.o(i.UART_EndTransmit_IT)
    i.UART_Receive_IT                        0x08001e72   Section        0  stm32f1xx_hal_uart.o(i.UART_Receive_IT)
    UART_Receive_IT                          0x08001e73   Thumb Code   228  stm32f1xx_hal_uart.o(i.UART_Receive_IT)
    i.UART_SetConfig                         0x08001f58   Section        0  stm32f1xx_hal_uart.o(i.UART_SetConfig)
    UART_SetConfig                           0x08001f59   Thumb Code   248  stm32f1xx_hal_uart.o(i.UART_SetConfig)
    i.UART_Transmit_IT                       0x08002054   Section        0  stm32f1xx_hal_uart.o(i.UART_Transmit_IT)
    UART_Transmit_IT                         0x08002055   Thumb Code    96  stm32f1xx_hal_uart.o(i.UART_Transmit_IT)
    i.USART1_IRQHandler                      0x080020b4   Section        0  driver_usart.o(i.USART1_IRQHandler)
    i.USART3_IRQHandler                      0x080020e8   Section        0  stm32f1xx_it.o(i.USART3_IRQHandler)
    i.UsageFaultInit                         0x080020f8   Section        0  main.o(i.UsageFaultInit)
    i.__0printf$8                            0x0800210c   Section        0  printf8.o(i.__0printf$8)
    i.__NVIC_GetPriorityGrouping             0x0800212c   Section        0  stm32f1xx_hal_cortex.o(i.__NVIC_GetPriorityGrouping)
    __NVIC_GetPriorityGrouping               0x0800212d   Thumb Code    10  stm32f1xx_hal_cortex.o(i.__NVIC_GetPriorityGrouping)
    i.__NVIC_SetPriority                     0x0800213c   Section        0  stm32f1xx_hal_cortex.o(i.__NVIC_SetPriority)
    __NVIC_SetPriority                       0x0800213d   Thumb Code    32  stm32f1xx_hal_cortex.o(i.__NVIC_SetPriority)
    i.__get_BASEPRI                          0x08002164   Section        0  cmsis_os2.o(i.__get_BASEPRI)
    __get_BASEPRI                            0x08002165   Thumb Code     6  cmsis_os2.o(i.__get_BASEPRI)
    i.__get_IPSR                             0x0800216a   Section        0  cmsis_os2.o(i.__get_IPSR)
    __get_IPSR                               0x0800216b   Thumb Code     6  cmsis_os2.o(i.__get_IPSR)
    i.__get_PRIMASK                          0x08002170   Section        0  cmsis_os2.o(i.__get_PRIMASK)
    __get_PRIMASK                            0x08002171   Thumb Code     6  cmsis_os2.o(i.__get_PRIMASK)
    i.__scatterload_copy                     0x08002176   Section       14  handlers.o(i.__scatterload_copy)
    i.__scatterload_null                     0x08002184   Section        2  handlers.o(i.__scatterload_null)
    i.__scatterload_zeroinit                 0x08002186   Section       14  handlers.o(i.__scatterload_zeroinit)
    i._printf_core                           0x08002194   Section        0  printf8.o(i._printf_core)
    _printf_core                             0x08002195   Thumb Code   984  printf8.o(i._printf_core)
    i._printf_post_padding                   0x08002598   Section        0  printf8.o(i._printf_post_padding)
    _printf_post_padding                     0x08002599   Thumb Code    36  printf8.o(i._printf_post_padding)
    i._printf_pre_padding                    0x080025bc   Section        0  printf8.o(i._printf_pre_padding)
    _printf_pre_padding                      0x080025bd   Thumb Code    46  printf8.o(i._printf_pre_padding)
    i.disassembly_ins_is_bl_blx              0x080025ea   Section        0  stm32f1xx_it.o(i.disassembly_ins_is_bl_blx)
    disassembly_ins_is_bl_blx                0x080025eb   Thumb Code    48  stm32f1xx_it.o(i.disassembly_ins_is_bl_blx)
    i.fputc                                  0x0800261c   Section        0  driver_usart.o(i.fputc)
    i.is_in_text                             0x08002638   Section        0  stm32f1xx_it.o(i.is_in_text)
    is_in_text                               0x08002639   Thumb Code    24  stm32f1xx_it.o(i.is_in_text)
    i.main                                   0x08002658   Section        0  main.o(i.main)
    i.osDelay                                0x080026a8   Section        0  cmsis_os2.o(i.osDelay)
    i.osKernelInitialize                     0x080026e0   Section        0  cmsis_os2.o(i.osKernelInitialize)
    i.osKernelStart                          0x08002720   Section        0  cmsis_os2.o(i.osKernelStart)
    i.osThreadNew                            0x08002764   Section        0  cmsis_os2.o(i.osThreadNew)
    i.prvAddCurrentTaskToDelayedList         0x08002840   Section        0  tasks.o(i.prvAddCurrentTaskToDelayedList)
    prvAddCurrentTaskToDelayedList           0x08002841   Thumb Code   100  tasks.o(i.prvAddCurrentTaskToDelayedList)
    i.prvAddNewTaskToReadyList               0x080028bc   Section        0  tasks.o(i.prvAddNewTaskToReadyList)
    prvAddNewTaskToReadyList                 0x080028bd   Thumb Code   154  tasks.o(i.prvAddNewTaskToReadyList)
    i.prvCheckForValidListAndQueue           0x08002974   Section        0  timers.o(i.prvCheckForValidListAndQueue)
    prvCheckForValidListAndQueue             0x08002975   Thumb Code    78  timers.o(i.prvCheckForValidListAndQueue)
    i.prvCheckTasksWaitingTermination        0x080029e8   Section        0  tasks.o(i.prvCheckTasksWaitingTermination)
    prvCheckTasksWaitingTermination          0x080029e9   Thumb Code    60  tasks.o(i.prvCheckTasksWaitingTermination)
    i.prvCopyDataFromQueue                   0x08002a30   Section        0  queue.o(i.prvCopyDataFromQueue)
    prvCopyDataFromQueue                     0x08002a31   Thumb Code    42  queue.o(i.prvCopyDataFromQueue)
    i.prvCopyDataToQueue                     0x08002a5a   Section        0  queue.o(i.prvCopyDataToQueue)
    prvCopyDataToQueue                       0x08002a5b   Thumb Code   124  queue.o(i.prvCopyDataToQueue)
    i.prvDeleteTCB                           0x08002ad6   Section        0  tasks.o(i.prvDeleteTCB)
    prvDeleteTCB                             0x08002ad7   Thumb Code    80  tasks.o(i.prvDeleteTCB)
    i.prvGetNextExpireTime                   0x08002b28   Section        0  timers.o(i.prvGetNextExpireTime)
    prvGetNextExpireTime                     0x08002b29   Thumb Code    36  timers.o(i.prvGetNextExpireTime)
    i.prvHeapInit                            0x08002b50   Section        0  heap_4.o(i.prvHeapInit)
    prvHeapInit                              0x08002b51   Thumb Code    98  heap_4.o(i.prvHeapInit)
    i.prvIdleTask                            0x08002bcc   Section        0  tasks.o(i.prvIdleTask)
    prvIdleTask                              0x08002bcd   Thumb Code    32  tasks.o(i.prvIdleTask)
    i.prvInitialiseNewQueue                  0x08002bf4   Section        0  queue.o(i.prvInitialiseNewQueue)
    prvInitialiseNewQueue                    0x08002bf5   Thumb Code    42  queue.o(i.prvInitialiseNewQueue)
    i.prvInitialiseNewTask                   0x08002c1e   Section        0  tasks.o(i.prvInitialiseNewTask)
    prvInitialiseNewTask                     0x08002c1f   Thumb Code   180  tasks.o(i.prvInitialiseNewTask)
    i.prvInitialiseTaskLists                 0x08002cd4   Section        0  tasks.o(i.prvInitialiseTaskLists)
    prvInitialiseTaskLists                   0x08002cd5   Thumb Code    70  tasks.o(i.prvInitialiseTaskLists)
    i.prvInsertBlockIntoFreeList             0x08002d3c   Section        0  heap_4.o(i.prvInsertBlockIntoFreeList)
    prvInsertBlockIntoFreeList               0x08002d3d   Thumb Code    96  heap_4.o(i.prvInsertBlockIntoFreeList)
    i.prvInsertTimerInActiveList             0x08002da4   Section        0  timers.o(i.prvInsertTimerInActiveList)
    prvInsertTimerInActiveList               0x08002da5   Thumb Code    80  timers.o(i.prvInsertTimerInActiveList)
    i.prvIsQueueEmpty                        0x08002dfc   Section        0  queue.o(i.prvIsQueueEmpty)
    prvIsQueueEmpty                          0x08002dfd   Thumb Code    26  queue.o(i.prvIsQueueEmpty)
    i.prvIsQueueFull                         0x08002e16   Section        0  queue.o(i.prvIsQueueFull)
    prvIsQueueFull                           0x08002e17   Thumb Code    30  queue.o(i.prvIsQueueFull)
    i.prvProcessExpiredTimer                 0x08002e34   Section        0  timers.o(i.prvProcessExpiredTimer)
    prvProcessExpiredTimer                   0x08002e35   Thumb Code    94  timers.o(i.prvProcessExpiredTimer)
    i.prvProcessReceivedCommands             0x08002e98   Section        0  timers.o(i.prvProcessReceivedCommands)
    prvProcessReceivedCommands               0x08002e99   Thumb Code   290  timers.o(i.prvProcessReceivedCommands)
    i.prvProcessTimerOrBlockTask             0x08002fc0   Section        0  timers.o(i.prvProcessTimerOrBlockTask)
    prvProcessTimerOrBlockTask               0x08002fc1   Thumb Code   102  timers.o(i.prvProcessTimerOrBlockTask)
    i.prvResetNextTaskUnblockTime            0x08003034   Section        0  tasks.o(i.prvResetNextTaskUnblockTime)
    prvResetNextTaskUnblockTime              0x08003035   Thumb Code    42  tasks.o(i.prvResetNextTaskUnblockTime)
    i.prvSampleTimeNow                       0x08003068   Section        0  timers.o(i.prvSampleTimeNow)
    prvSampleTimeNow                         0x08003069   Thumb Code    40  timers.o(i.prvSampleTimeNow)
    i.prvSwitchTimerLists                    0x08003094   Section        0  timers.o(i.prvSwitchTimerLists)
    prvSwitchTimerLists                      0x08003095   Thumb Code   150  timers.o(i.prvSwitchTimerLists)
    i.prvTaskExitError                       0x08003134   Section        0  port.o(i.prvTaskExitError)
    prvTaskExitError                         0x08003135   Thumb Code    60  port.o(i.prvTaskExitError)
    i.prvTimerTask                           0x08003174   Section        0  timers.o(i.prvTimerTask)
    prvTimerTask                             0x08003175   Thumb Code    26  timers.o(i.prvTimerTask)
    i.prvUnlockQueue                         0x0800318e   Section        0  queue.o(i.prvUnlockQueue)
    prvUnlockQueue                           0x0800318f   Thumb Code   126  queue.o(i.prvUnlockQueue)
    i.pvPortMalloc                           0x0800320c   Section        0  heap_4.o(i.pvPortMalloc)
    i.pxPortInitialiseStack                  0x08003348   Section        0  port.o(i.pxPortInitialiseStack)
    i.ring_buffer_init                       0x0800336c   Section        0  ring_buffer.o(i.ring_buffer_init)
    i.ring_buffer_write                      0x08003378   Section        0  ring_buffer.o(i.ring_buffer_write)
    i.rt_hw_hard_fault_exception             0x08003398   Section        0  stm32f1xx_it.o(i.rt_hw_hard_fault_exception)
    i.svc_exception                          0x08003578   Section        0  stm32f1xx_it.o(i.svc_exception)
    i.usage_fault_exception                  0x0800367c   Section        0  stm32f1xx_it.o(i.usage_fault_exception)
    i.uxListRemove                           0x08003804   Section        0  list.o(i.uxListRemove)
    i.vApplicationGetIdleTaskMemory          0x0800382c   Section        0  cmsis_os2.o(i.vApplicationGetIdleTaskMemory)
    i.vApplicationGetTimerTaskMemory         0x08003844   Section        0  cmsis_os2.o(i.vApplicationGetTimerTaskMemory)
    i.vListInitialise                        0x0800385c   Section        0  list.o(i.vListInitialise)
    i.vListInitialiseItem                    0x08003876   Section        0  list.o(i.vListInitialiseItem)
    i.vListInsert                            0x0800387c   Section        0  list.o(i.vListInsert)
    i.vListInsertEnd                         0x080038b0   Section        0  list.o(i.vListInsertEnd)
    i.vPortEnterCritical                     0x080038c8   Section        0  port.o(i.vPortEnterCritical)
    i.vPortExitCritical                      0x0800391c   Section        0  port.o(i.vPortExitCritical)
    i.vPortFree                              0x08003958   Section        0  heap_4.o(i.vPortFree)
    i.vPortSetupTimerInterrupt               0x080039ec   Section        0  port.o(i.vPortSetupTimerInterrupt)
    i.vPortValidateInterruptPriority         0x08003a14   Section        0  port.o(i.vPortValidateInterruptPriority)
    i.vQueueAddToRegistry                    0x08003a8c   Section        0  queue.o(i.vQueueAddToRegistry)
    i.vQueueWaitForMessageRestricted         0x08003ab8   Section        0  queue.o(i.vQueueWaitForMessageRestricted)
    i.vTaskDelay                             0x08003b04   Section        0  tasks.o(i.vTaskDelay)
    i.vTaskInternalSetTimeOutState           0x08003b60   Section        0  tasks.o(i.vTaskInternalSetTimeOutState)
    i.vTaskMissedYield                       0x08003b78   Section        0  tasks.o(i.vTaskMissedYield)
    i.vTaskPlaceOnEventList                  0x08003b84   Section        0  tasks.o(i.vTaskPlaceOnEventList)
    i.vTaskPlaceOnEventListRestricted        0x08003bbc   Section        0  tasks.o(i.vTaskPlaceOnEventListRestricted)
    i.vTaskStartScheduler                    0x08003bfc   Section        0  tasks.o(i.vTaskStartScheduler)
    i.vTaskSuspendAll                        0x08003cb4   Section        0  tasks.o(i.vTaskSuspendAll)
    i.vTaskSwitchContext                     0x08003cc4   Section        0  tasks.o(i.vTaskSwitchContext)
    i.xPortStartScheduler                    0x08003d54   Section        0  port.o(i.xPortStartScheduler)
    i.xQueueGenericCreateStatic              0x08003e4c   Section        0  queue.o(i.xQueueGenericCreateStatic)
    i.xQueueGenericReset                     0x08003f2c   Section        0  queue.o(i.xQueueGenericReset)
    i.xQueueGenericSend                      0x08003fc4   Section        0  queue.o(i.xQueueGenericSend)
    i.xQueueGenericSendFromISR               0x0800416c   Section        0  queue.o(i.xQueueGenericSendFromISR)
    i.xQueueReceive                          0x08004264   Section        0  queue.o(i.xQueueReceive)
    i.xTaskCheckForTimeOut                   0x080043cc   Section        0  tasks.o(i.xTaskCheckForTimeOut)
    i.xTaskCreate                            0x08004458   Section        0  tasks.o(i.xTaskCreate)
    i.xTaskCreateStatic                      0x080044bc   Section        0  tasks.o(i.xTaskCreateStatic)
    i.xTaskGetSchedulerState                 0x08004574   Section        0  tasks.o(i.xTaskGetSchedulerState)
    i.xTaskGetTickCount                      0x08004594   Section        0  tasks.o(i.xTaskGetTickCount)
    i.xTaskIncrementTick                     0x080045a0   Section        0  tasks.o(i.xTaskIncrementTick)
    i.xTaskPriorityDisinherit                0x080046e4   Section        0  tasks.o(i.xTaskPriorityDisinherit)
    i.xTaskRemoveFromEventList               0x08004788   Section        0  tasks.o(i.xTaskRemoveFromEventList)
    i.xTaskResumeAll                         0x08004820   Section        0  tasks.o(i.xTaskResumeAll)
    i.xTimerCreateTimerTask                  0x08004924   Section        0  timers.o(i.xTimerCreateTimerTask)
    i.xTimerGenericCommand                   0x0800499c   Section        0  timers.o(i.xTimerGenericCommand)
    .constdata                               0x08004a20   Section       36  freertos.o(.constdata)
    .constdata                               0x08004a44   Section       24  system_stm32f1xx.o(.constdata)
    .conststring                             0x08004a5c   Section       12  freertos.o(.conststring)
    .conststring                             0x08004a68   Section       76  stm32f1xx_it.o(.conststring)
    .data                                    0x20000000   Section        4  freertos.o(.data)
    .data                                    0x20000004   Section        9  stm32f1xx_hal.o(.data)
    .data                                    0x20000010   Section        4  system_stm32f1xx.o(.data)
    .data                                    0x20000014   Section        3  driver_usart.o(.data)
    txcplt_flag                              0x20000014   Data           1  driver_usart.o(.data)
    rxcplt_flag                              0x20000015   Data           1  driver_usart.o(.data)
    rx_data                                  0x20000016   Data           1  driver_usart.o(.data)
    .data                                    0x20000017   Section        2  driver_key.o(.data)
    key1_val                                 0x20000017   Data           1  driver_key.o(.data)
    key2_val                                 0x20000018   Data           1  driver_key.o(.data)
    .data                                    0x2000001c   Section       60  tasks.o(.data)
    pxDelayedTaskList                        0x20000020   Data           4  tasks.o(.data)
    pxOverflowDelayedTaskList                0x20000024   Data           4  tasks.o(.data)
    uxDeletedTasksWaitingCleanUp             0x20000028   Data           4  tasks.o(.data)
    uxCurrentNumberOfTasks                   0x2000002c   Data           4  tasks.o(.data)
    xTickCount                               0x20000030   Data           4  tasks.o(.data)
    uxTopReadyPriority                       0x20000034   Data           4  tasks.o(.data)
    xSchedulerRunning                        0x20000038   Data           4  tasks.o(.data)
    uxPendedTicks                            0x2000003c   Data           4  tasks.o(.data)
    xYieldPending                            0x20000040   Data           4  tasks.o(.data)
    xNumOfOverflows                          0x20000044   Data           4  tasks.o(.data)
    uxTaskNumber                             0x20000048   Data           4  tasks.o(.data)
    xNextTaskUnblockTime                     0x2000004c   Data           4  tasks.o(.data)
    xIdleTaskHandle                          0x20000050   Data           4  tasks.o(.data)
    uxSchedulerSuspended                     0x20000054   Data           4  tasks.o(.data)
    .data                                    0x20000058   Section       20  timers.o(.data)
    pxCurrentTimerList                       0x20000058   Data           4  timers.o(.data)
    pxOverflowTimerList                      0x2000005c   Data           4  timers.o(.data)
    xTimerQueue                              0x20000060   Data           4  timers.o(.data)
    xTimerTaskHandle                         0x20000064   Data           4  timers.o(.data)
    xLastTime                                0x20000068   Data           4  timers.o(.data)
    .data                                    0x2000006c   Section        4  cmsis_os2.o(.data)
    KernelState                              0x2000006c   Data           4  cmsis_os2.o(.data)
    .data                                    0x20000070   Section       24  heap_4.o(.data)
    xStart                                   0x20000070   Data           8  heap_4.o(.data)
    pxEnd                                    0x20000078   Data           4  heap_4.o(.data)
    xFreeBytesRemaining                      0x2000007c   Data           4  heap_4.o(.data)
    xMinimumEverFreeBytesRemaining           0x20000080   Data           4  heap_4.o(.data)
    xBlockAllocatedBit                       0x20000084   Data           4  heap_4.o(.data)
    .data                                    0x20000088   Section       12  port.o(.data)
    uxCriticalNesting                        0x20000088   Data           4  port.o(.data)
    ucMaxSysCallPriority                     0x2000008c   Data           1  port.o(.data)
    ulMaxPRIGROUPValue                       0x20000090   Data           4  port.o(.data)
    .data                                    0x20000094   Section        4  stdout.o(.data)
    .bss                                     0x20000098   Section     1032  main.o(.bss)
    .bss                                     0x200004a0   Section      136  usart.o(.bss)
    .bss                                     0x20000528   Section       72  stm32f1xx_hal_timebase_tim.o(.bss)
    .bss                                     0x20000570   Section       64  queue.o(.bss)
    .bss                                     0x200005b0   Section     1220  tasks.o(.bss)
    pxReadyTasksLists                        0x200005b0   Data        1120  tasks.o(.bss)
    xDelayedTaskList1                        0x20000a10   Data          20  tasks.o(.bss)
    xDelayedTaskList2                        0x20000a24   Data          20  tasks.o(.bss)
    xPendingReadyList                        0x20000a38   Data          20  tasks.o(.bss)
    xTasksWaitingTermination                 0x20000a4c   Data          20  tasks.o(.bss)
    xSuspendedTaskList                       0x20000a60   Data          20  tasks.o(.bss)
    .bss                                     0x20000a74   Section      280  timers.o(.bss)
    xActiveTimerList1                        0x20000a74   Data          20  timers.o(.bss)
    xActiveTimerList2                        0x20000a88   Data          20  timers.o(.bss)
    xStaticTimerQueue                        0x20000a9c   Data          80  timers.o(.bss)
    ucStaticTimerQueueStorage                0x20000aec   Data         160  timers.o(.bss)
    .bss                                     0x20000b8c   Section     1720  cmsis_os2.o(.bss)
    Idle_TCB                                 0x20000b8c   Data          92  cmsis_os2.o(.bss)
    Idle_Stack                               0x20000be8   Data         512  cmsis_os2.o(.bss)
    Timer_TCB                                0x20000de8   Data          92  cmsis_os2.o(.bss)
    Timer_Stack                              0x20000e44   Data        1024  cmsis_os2.o(.bss)
    .bss                                     0x20001244   Section     3072  heap_4.o(.bss)
    ucHeap                                   0x20001244   Data        3072  heap_4.o(.bss)
    STACK                                    0x20001e48   Section     1024  startup_stm32f103xe.o(STACK)

    Global Symbols

    Symbol Name                              Value     Ov Type        Size  Object(Section)

    BuildAttributes$$THM_ISAv4$P$D$K$B$S$PE$A:L22UL41UL21$X:L11$S22US41US21$IEEE1$IW$USESV6$~STKCKD$USESV7$~SHL$OSPACE$ROPI$EBA8$MICROLIB$REQ8$PRES8$EABIv2 0x00000000   Number         0  anon$$obj.o ABSOLUTE
    __ARM_use_no_argv                        0x00000000   Number         0  main.o ABSOLUTE
    _printf_a                                0x00000000   Number         0  stubs.o ABSOLUTE
    _printf_c                                0x00000000   Number         0  stubs.o ABSOLUTE
    _printf_charcount                        0x00000000   Number         0  stubs.o ABSOLUTE
    _printf_d                                0x00000000   Number         0  stubs.o ABSOLUTE
    _printf_e                                0x00000000   Number         0  stubs.o ABSOLUTE
    _printf_f                                0x00000000   Number         0  stubs.o ABSOLUTE
    _printf_flags                            0x00000000   Number         0  stubs.o ABSOLUTE
    _printf_fp_dec                           0x00000000   Number         0  stubs.o ABSOLUTE
    _printf_fp_hex                           0x00000000   Number         0  stubs.o ABSOLUTE
    _printf_g                                0x00000000   Number         0  stubs.o ABSOLUTE
    _printf_i                                0x00000000   Number         0  stubs.o ABSOLUTE
    _printf_int_dec                          0x00000000   Number         0  stubs.o ABSOLUTE
    _printf_l                                0x00000000   Number         0  stubs.o ABSOLUTE
    _printf_lc                               0x00000000   Number         0  stubs.o ABSOLUTE
    _printf_ll                               0x00000000   Number         0  stubs.o ABSOLUTE
    _printf_lld                              0x00000000   Number         0  stubs.o ABSOLUTE
    _printf_lli                              0x00000000   Number         0  stubs.o ABSOLUTE
    _printf_llo                              0x00000000   Number         0  stubs.o ABSOLUTE
    _printf_llu                              0x00000000   Number         0  stubs.o ABSOLUTE
    _printf_llx                              0x00000000   Number         0  stubs.o ABSOLUTE
    _printf_longlong_dec                     0x00000000   Number         0  stubs.o ABSOLUTE
    _printf_longlong_hex                     0x00000000   Number         0  stubs.o ABSOLUTE
    _printf_longlong_oct                     0x00000000   Number         0  stubs.o ABSOLUTE
    _printf_ls                               0x00000000   Number         0  stubs.o ABSOLUTE
    _printf_mbtowc                           0x00000000   Number         0  stubs.o ABSOLUTE
    _printf_n                                0x00000000   Number         0  stubs.o ABSOLUTE
    _printf_o                                0x00000000   Number         0  stubs.o ABSOLUTE
    _printf_p                                0x00000000   Number         0  stubs.o ABSOLUTE
    _printf_percent                          0x00000000   Number         0  stubs.o ABSOLUTE
    _printf_pre_padding                      0x00000000   Number         0  stubs.o ABSOLUTE
    _printf_return_value                     0x00000000   Number         0  stubs.o ABSOLUTE
    _printf_s                                0x00000000   Number         0  stubs.o ABSOLUTE
    _printf_sizespec                         0x00000000   Number         0  stubs.o ABSOLUTE
    _printf_str                              0x00000000   Number         0  stubs.o ABSOLUTE
    _printf_truncate_signed                  0x00000000   Number         0  stubs.o ABSOLUTE
    _printf_truncate_unsigned                0x00000000   Number         0  stubs.o ABSOLUTE
    _printf_u                                0x00000000   Number         0  stubs.o ABSOLUTE
    _printf_wc                               0x00000000   Number         0  stubs.o ABSOLUTE
    _printf_wctomb                           0x00000000   Number         0  stubs.o ABSOLUTE
    _printf_widthprec                        0x00000000   Number         0  stubs.o ABSOLUTE
    _printf_x                                0x00000000   Number         0  stubs.o ABSOLUTE
    __arm_fini_                               - Undefined Weak Reference
    __cpp_initialize__aeabi_                  - Undefined Weak Reference
    __cxa_finalize                            - Undefined Weak Reference
    __decompress                              - Undefined Weak Reference
    _clock_init                               - Undefined Weak Reference
    _microlib_exit                            - Undefined Weak Reference
    __Vectors_Size                           0x00000130   Number         0  startup_stm32f103xe.o ABSOLUTE
    Image$$ER_IROM1$$Length                  0x00004ad4   Number         0  anon$$obj.o ABSOLUTE
    Image$$ER_IROM1$$Base                    0x08000000   Number         0  anon$$obj.o ABSOLUTE
    __Vectors                                0x08000000   Data           4  startup_stm32f103xe.o(RESET)
    __Vectors_End                            0x08000130   Data           0  startup_stm32f103xe.o(RESET)
    __main                                   0x08000131   Thumb Code     0  entry.o(.ARM.Collect$$$$00000000)
    _main_stk                                0x08000131   Thumb Code     0  entry2.o(.ARM.Collect$$$$00000001)
    _main_scatterload                        0x08000135   Thumb Code     0  entry5.o(.ARM.Collect$$$$00000004)
    __main_after_scatterload                 0x08000139   Thumb Code     0  entry5.o(.ARM.Collect$$$$00000004)
    _main_clock                              0x08000139   Thumb Code     0  entry7b.o(.ARM.Collect$$$$00000008)
    _main_cpp_init                           0x08000139   Thumb Code     0  entry8b.o(.ARM.Collect$$$$0000000A)
    _main_init                               0x08000139   Thumb Code     0  entry9a.o(.ARM.Collect$$$$0000000B)
    __rt_lib_shutdown_fini                   0x08000141   Thumb Code     0  entry12b.o(.ARM.Collect$$$$0000000E)
    __rt_final_cpp                           0x08000145   Thumb Code     0  entry10a.o(.ARM.Collect$$$$0000000F)
    __rt_final_exit                          0x08000145   Thumb Code     0  entry11a.o(.ARM.Collect$$$$00000011)
    SVC_Handler                              0x08000149   Thumb Code    32  port.o(.emb_text)
    __asm___6_port_c_39a90d8d__prvStartFirstTask 0x0800016d   Thumb Code    28  port.o(.emb_text)
    PendSV_Handler                           0x0800018d   Thumb Code    72  port.o(.emb_text)
    vPortGetIPSR                             0x080001d9   Thumb Code     6  port.o(.emb_text)
    Reset_Handler                            0x080001e1   Thumb Code     8  startup_stm32f103xe.o(.text)
    HardFault_Handler                        0x080001eb   Thumb Code    52  startup_stm32f103xe.o(.text)
    ADC1_2_IRQHandler                        0x080002b1   Thumb Code     0  startup_stm32f103xe.o(.text)
    ADC3_IRQHandler                          0x080002b1   Thumb Code     0  startup_stm32f103xe.o(.text)
    CAN1_RX1_IRQHandler                      0x080002b1   Thumb Code     0  startup_stm32f103xe.o(.text)
    CAN1_SCE_IRQHandler                      0x080002b1   Thumb Code     0  startup_stm32f103xe.o(.text)
    DMA1_Channel1_IRQHandler                 0x080002b1   Thumb Code     0  startup_stm32f103xe.o(.text)
    DMA1_Channel2_IRQHandler                 0x080002b1   Thumb Code     0  startup_stm32f103xe.o(.text)
    DMA1_Channel3_IRQHandler                 0x080002b1   Thumb Code     0  startup_stm32f103xe.o(.text)
    DMA1_Channel4_IRQHandler                 0x080002b1   Thumb Code     0  startup_stm32f103xe.o(.text)
    DMA1_Channel5_IRQHandler                 0x080002b1   Thumb Code     0  startup_stm32f103xe.o(.text)
    DMA1_Channel6_IRQHandler                 0x080002b1   Thumb Code     0  startup_stm32f103xe.o(.text)
    DMA1_Channel7_IRQHandler                 0x080002b1   Thumb Code     0  startup_stm32f103xe.o(.text)
    DMA2_Channel1_IRQHandler                 0x080002b1   Thumb Code     0  startup_stm32f103xe.o(.text)
    DMA2_Channel2_IRQHandler                 0x080002b1   Thumb Code     0  startup_stm32f103xe.o(.text)
    DMA2_Channel3_IRQHandler                 0x080002b1   Thumb Code     0  startup_stm32f103xe.o(.text)
    DMA2_Channel4_5_IRQHandler               0x080002b1   Thumb Code     0  startup_stm32f103xe.o(.text)
    EXTI0_IRQHandler                         0x080002b1   Thumb Code     0  startup_stm32f103xe.o(.text)
    EXTI1_IRQHandler                         0x080002b1   Thumb Code     0  startup_stm32f103xe.o(.text)
    EXTI2_IRQHandler                         0x080002b1   Thumb Code     0  startup_stm32f103xe.o(.text)
    EXTI3_IRQHandler                         0x080002b1   Thumb Code     0  startup_stm32f103xe.o(.text)
    EXTI4_IRQHandler                         0x080002b1   Thumb Code     0  startup_stm32f103xe.o(.text)
    EXTI9_5_IRQHandler                       0x080002b1   Thumb Code     0  startup_stm32f103xe.o(.text)
    FLASH_IRQHandler                         0x080002b1   Thumb Code     0  startup_stm32f103xe.o(.text)
    FSMC_IRQHandler                          0x080002b1   Thumb Code     0  startup_stm32f103xe.o(.text)
    I2C1_ER_IRQHandler                       0x080002b1   Thumb Code     0  startup_stm32f103xe.o(.text)
    I2C1_EV_IRQHandler                       0x080002b1   Thumb Code     0  startup_stm32f103xe.o(.text)
    I2C2_ER_IRQHandler                       0x080002b1   Thumb Code     0  startup_stm32f103xe.o(.text)
    I2C2_EV_IRQHandler                       0x080002b1   Thumb Code     0  startup_stm32f103xe.o(.text)
    PVD_IRQHandler                           0x080002b1   Thumb Code     0  startup_stm32f103xe.o(.text)
    RCC_IRQHandler                           0x080002b1   Thumb Code     0  startup_stm32f103xe.o(.text)
    RTC_Alarm_IRQHandler                     0x080002b1   Thumb Code     0  startup_stm32f103xe.o(.text)
    RTC_IRQHandler                           0x080002b1   Thumb Code     0  startup_stm32f103xe.o(.text)
    SDIO_IRQHandler                          0x080002b1   Thumb Code     0  startup_stm32f103xe.o(.text)
    SPI1_IRQHandler                          0x080002b1   Thumb Code     0  startup_stm32f103xe.o(.text)
    SPI2_IRQHandler                          0x080002b1   Thumb Code     0  startup_stm32f103xe.o(.text)
    SPI3_IRQHandler                          0x080002b1   Thumb Code     0  startup_stm32f103xe.o(.text)
    TAMPER_IRQHandler                        0x080002b1   Thumb Code     0  startup_stm32f103xe.o(.text)
    TIM1_BRK_IRQHandler                      0x080002b1   Thumb Code     0  startup_stm32f103xe.o(.text)
    TIM1_CC_IRQHandler                       0x080002b1   Thumb Code     0  startup_stm32f103xe.o(.text)
    TIM1_TRG_COM_IRQHandler                  0x080002b1   Thumb Code     0  startup_stm32f103xe.o(.text)
    TIM1_UP_IRQHandler                       0x080002b1   Thumb Code     0  startup_stm32f103xe.o(.text)
    TIM2_IRQHandler                          0x080002b1   Thumb Code     0  startup_stm32f103xe.o(.text)
    TIM3_IRQHandler                          0x080002b1   Thumb Code     0  startup_stm32f103xe.o(.text)
    TIM4_IRQHandler                          0x080002b1   Thumb Code     0  startup_stm32f103xe.o(.text)
    TIM5_IRQHandler                          0x080002b1   Thumb Code     0  startup_stm32f103xe.o(.text)
    TIM6_IRQHandler                          0x080002b1   Thumb Code     0  startup_stm32f103xe.o(.text)
    TIM7_IRQHandler                          0x080002b1   Thumb Code     0  startup_stm32f103xe.o(.text)
    TIM8_BRK_IRQHandler                      0x080002b1   Thumb Code     0  startup_stm32f103xe.o(.text)
    TIM8_CC_IRQHandler                       0x080002b1   Thumb Code     0  startup_stm32f103xe.o(.text)
    TIM8_TRG_COM_IRQHandler                  0x080002b1   Thumb Code     0  startup_stm32f103xe.o(.text)
    UART4_IRQHandler                         0x080002b1   Thumb Code     0  startup_stm32f103xe.o(.text)
    UART5_IRQHandler                         0x080002b1   Thumb Code     0  startup_stm32f103xe.o(.text)
    USART2_IRQHandler                        0x080002b1   Thumb Code     0  startup_stm32f103xe.o(.text)
    USBWakeUp_IRQHandler                     0x080002b1   Thumb Code     0  startup_stm32f103xe.o(.text)
    USB_HP_CAN1_TX_IRQHandler                0x080002b1   Thumb Code     0  startup_stm32f103xe.o(.text)
    USB_LP_CAN1_RX0_IRQHandler               0x080002b1   Thumb Code     0  startup_stm32f103xe.o(.text)
    WWDG_IRQHandler                          0x080002b1   Thumb Code     0  startup_stm32f103xe.o(.text)
    __aeabi_llsr                             0x080002bd   Thumb Code    32  llushr.o(.text)
    _ll_ushift_r                             0x080002bd   Thumb Code     0  llushr.o(.text)
    __aeabi_memcpy                           0x080002dd   Thumb Code    36  memcpya.o(.text)
    __aeabi_memcpy4                          0x080002dd   Thumb Code     0  memcpya.o(.text)
    __aeabi_memcpy8                          0x080002dd   Thumb Code     0  memcpya.o(.text)
    __aeabi_memset                           0x08000301   Thumb Code    14  memseta.o(.text)
    __aeabi_memset4                          0x08000301   Thumb Code     0  memseta.o(.text)
    __aeabi_memset8                          0x08000301   Thumb Code     0  memseta.o(.text)
    __aeabi_memclr                           0x0800030f   Thumb Code     4  memseta.o(.text)
    __aeabi_memclr4                          0x0800030f   Thumb Code     0  memseta.o(.text)
    __aeabi_memclr8                          0x0800030f   Thumb Code     0  memseta.o(.text)
    memset                                   0x08000313   Thumb Code    18  memseta.o(.text)
    strcpy                                   0x08000325   Thumb Code    18  strcpy.o(.text)
    __aeabi_uldivmod                         0x08000337   Thumb Code    98  uldiv.o(.text)
    __scatterload                            0x08000399   Thumb Code    28  init.o(.text)
    __scatterload_rt2                        0x08000399   Thumb Code     0  init.o(.text)
    __aeabi_llsl                             0x080003bd   Thumb Code    30  llshl.o(.text)
    _ll_shift_l                              0x080003bd   Thumb Code     0  llshl.o(.text)
    BusFault_Handler                         0x08000419   Thumb Code     4  stm32f1xx_it.o(i.BusFault_Handler)
    DebugMon_Handler                         0x08000427   Thumb Code     2  stm32f1xx_it.o(i.DebugMon_Handler)
    EXTI15_10_IRQHandler                     0x08000429   Thumb Code    20  driver_key.o(i.EXTI15_10_IRQHandler)
    EnableDebugIRQ                           0x0800043d   Thumb Code    36  driver_usart.o(i.EnableDebugIRQ)
    Error_Handler                            0x08000465   Thumb Code     6  main.o(i.Error_Handler)
    HAL_DMA_Abort                            0x0800046b   Thumb Code    86  stm32f1xx_hal_dma.o(i.HAL_DMA_Abort)
    HAL_DMA_Abort_IT                         0x080004c1   Thumb Code   414  stm32f1xx_hal_dma.o(i.HAL_DMA_Abort_IT)
    HAL_GPIO_EXTI_Callback                   0x08000669   Thumb Code    48  driver_key.o(i.HAL_GPIO_EXTI_Callback)
    HAL_GPIO_EXTI_IRQHandler                 0x080006a5   Thumb Code    24  stm32f1xx_hal_gpio.o(i.HAL_GPIO_EXTI_IRQHandler)
    HAL_GPIO_Init                            0x080006c1   Thumb Code   792  stm32f1xx_hal_gpio.o(i.HAL_GPIO_Init)
    HAL_GPIO_ReadPin                         0x08000a01   Thumb Code    16  stm32f1xx_hal_gpio.o(i.HAL_GPIO_ReadPin)
    HAL_GPIO_WritePin                        0x08000a11   Thumb Code    12  stm32f1xx_hal_gpio.o(i.HAL_GPIO_WritePin)
    HAL_GetTick                              0x08000a1d   Thumb Code     6  stm32f1xx_hal.o(i.HAL_GetTick)
    HAL_IncTick                              0x08000a29   Thumb Code    16  stm32f1xx_hal.o(i.HAL_IncTick)
    HAL_Init                                 0x08000a41   Thumb Code    34  stm32f1xx_hal.o(i.HAL_Init)
    HAL_InitTick                             0x08000a69   Thumb Code   118  stm32f1xx_hal_timebase_tim.o(i.HAL_InitTick)
    HAL_MspInit                              0x08000af1   Thumb Code    86  stm32f1xx_hal_msp.o(i.HAL_MspInit)
    HAL_NVIC_EnableIRQ                       0x08000b51   Thumb Code    32  stm32f1xx_hal_cortex.o(i.HAL_NVIC_EnableIRQ)
    HAL_NVIC_SetPriority                     0x08000b71   Thumb Code   124  stm32f1xx_hal_cortex.o(i.HAL_NVIC_SetPriority)
    HAL_NVIC_SetPriorityGrouping             0x08000bed   Thumb Code    32  stm32f1xx_hal_cortex.o(i.HAL_NVIC_SetPriorityGrouping)
    HAL_RCC_ClockConfig                      0x08000c15   Thumb Code   376  stm32f1xx_hal_rcc.o(i.HAL_RCC_ClockConfig)
    HAL_RCC_GetClockConfig                   0x08000da1   Thumb Code    58  stm32f1xx_hal_rcc.o(i.HAL_RCC_GetClockConfig)
    HAL_RCC_GetHCLKFreq                      0x08000de5   Thumb Code     6  stm32f1xx_hal_rcc.o(i.HAL_RCC_GetHCLKFreq)
    HAL_RCC_GetPCLK1Freq                     0x08000df1   Thumb Code    22  stm32f1xx_hal_rcc.o(i.HAL_RCC_GetPCLK1Freq)
    HAL_RCC_GetPCLK2Freq                     0x08000e11   Thumb Code    22  stm32f1xx_hal_rcc.o(i.HAL_RCC_GetPCLK2Freq)
    HAL_RCC_GetSysClockFreq                  0x08000e31   Thumb Code   116  stm32f1xx_hal_rcc.o(i.HAL_RCC_GetSysClockFreq)
    HAL_RCC_OscConfig                        0x08000ec5   Thumb Code  1114  stm32f1xx_hal_rcc.o(i.HAL_RCC_OscConfig)
    HAL_TIMEx_BreakCallback                  0x08001329   Thumb Code     2  stm32f1xx_hal_tim_ex.o(i.HAL_TIMEx_BreakCallback)
    HAL_TIMEx_CommutCallback                 0x0800132b   Thumb Code     2  stm32f1xx_hal_tim_ex.o(i.HAL_TIMEx_CommutCallback)
    HAL_TIM_Base_Init                        0x0800132d   Thumb Code   102  stm32f1xx_hal_tim.o(i.HAL_TIM_Base_Init)
    HAL_TIM_Base_MspInit                     0x08001393   Thumb Code     2  stm32f1xx_hal_tim.o(i.HAL_TIM_Base_MspInit)
    HAL_TIM_Base_Start_IT                    0x08001395   Thumb Code   122  stm32f1xx_hal_tim.o(i.HAL_TIM_Base_Start_IT)
    HAL_TIM_IC_CaptureCallback               0x08001425   Thumb Code     2  stm32f1xx_hal_tim.o(i.HAL_TIM_IC_CaptureCallback)
    HAL_TIM_IRQHandler                       0x08001427   Thumb Code   406  stm32f1xx_hal_tim.o(i.HAL_TIM_IRQHandler)
    HAL_TIM_OC_DelayElapsedCallback          0x080015bd   Thumb Code     2  stm32f1xx_hal_tim.o(i.HAL_TIM_OC_DelayElapsedCallback)
    HAL_TIM_PWM_PulseFinishedCallback        0x080015bf   Thumb Code     2  stm32f1xx_hal_tim.o(i.HAL_TIM_PWM_PulseFinishedCallback)
    HAL_TIM_PeriodElapsedCallback            0x080015c1   Thumb Code    18  main.o(i.HAL_TIM_PeriodElapsedCallback)
    HAL_TIM_TriggerCallback                  0x080015d9   Thumb Code     2  stm32f1xx_hal_tim.o(i.HAL_TIM_TriggerCallback)
    HAL_UARTEx_RxEventCallback               0x080015db   Thumb Code     2  stm32f1xx_hal_uart.o(i.HAL_UARTEx_RxEventCallback)
    HAL_UART_ErrorCallback                   0x080015dd   Thumb Code     2  stm32f1xx_hal_uart.o(i.HAL_UART_ErrorCallback)
    HAL_UART_IRQHandler                      0x080015e1   Thumb Code   582  stm32f1xx_hal_uart.o(i.HAL_UART_IRQHandler)
    HAL_UART_Init                            0x0800182d   Thumb Code   114  stm32f1xx_hal_uart.o(i.HAL_UART_Init)
    HAL_UART_MspInit                         0x080018a1   Thumb Code   266  usart.o(i.HAL_UART_MspInit)
    HAL_UART_RxCpltCallback                  0x080019c5   Thumb Code    16  driver_usart.o(i.HAL_UART_RxCpltCallback)
    HAL_UART_TxCpltCallback                  0x080019dd   Thumb Code    16  driver_usart.o(i.HAL_UART_TxCpltCallback)
    KEY_GPIO_ReInit                          0x080019f5   Thumb Code   122  driver_key.o(i.KEY_GPIO_ReInit)
    MX_FREERTOS_Init                         0x08001a7d   Thumb Code    18  freertos.o(i.MX_FREERTOS_Init)
    MX_GPIO_Init                             0x08001a9d   Thumb Code   272  gpio.o(i.MX_GPIO_Init)
    MX_USART1_UART_Init                      0x08001bbd   Thumb Code    46  usart.o(i.MX_USART1_UART_Init)
    MX_USART3_UART_Init                      0x08001bf5   Thumb Code    46  usart.o(i.MX_USART3_UART_Init)
    MemManage_Handler                        0x08001c2d   Thumb Code     4  stm32f1xx_it.o(i.MemManage_Handler)
    NMI_Handler                              0x08001c31   Thumb Code     4  stm32f1xx_it.o(i.NMI_Handler)
    StartDefaultTask                         0x08001c5d   Thumb Code    28  freertos.o(i.StartDefaultTask)
    SysTick_Handler                          0x08001ca5   Thumb Code    46  port.o(i.SysTick_Handler)
    SystemClock_Config                       0x08001cd9   Thumb Code   102  main.o(i.SystemClock_Config)
    SystemInit                               0x08001d3f   Thumb Code     2  system_stm32f1xx.o(i.SystemInit)
    TIM8_UP_IRQHandler                       0x08001d41   Thumb Code    10  stm32f1xx_it.o(i.TIM8_UP_IRQHandler)
    TIM_Base_SetConfig                       0x08001d51   Thumb Code   134  stm32f1xx_hal_tim.o(i.TIM_Base_SetConfig)
    TestDebug                                0x08001ded   Thumb Code    22  main.o(i.TestDebug)
    USART1_IRQHandler                        0x080020b5   Thumb Code    38  driver_usart.o(i.USART1_IRQHandler)
    USART3_IRQHandler                        0x080020e9   Thumb Code    10  stm32f1xx_it.o(i.USART3_IRQHandler)
    UsageFaultInit                           0x080020f9   Thumb Code    14  main.o(i.UsageFaultInit)
    __0printf$8                              0x0800210d   Thumb Code    22  printf8.o(i.__0printf$8)
    __1printf$8                              0x0800210d   Thumb Code     0  printf8.o(i.__0printf$8)
    __2printf                                0x0800210d   Thumb Code     0  printf8.o(i.__0printf$8)
    __scatterload_copy                       0x08002177   Thumb Code    14  handlers.o(i.__scatterload_copy)
    __scatterload_null                       0x08002185   Thumb Code     2  handlers.o(i.__scatterload_null)
    __scatterload_zeroinit                   0x08002187   Thumb Code    14  handlers.o(i.__scatterload_zeroinit)
    fputc                                    0x0800261d   Thumb Code    24  driver_usart.o(i.fputc)
    main                                     0x08002659   Thumb Code    60  main.o(i.main)
    osDelay                                  0x080026a9   Thumb Code    50  cmsis_os2.o(i.osDelay)
    osKernelInitialize                       0x080026e1   Thumb Code    58  cmsis_os2.o(i.osKernelInitialize)
    osKernelStart                            0x08002721   Thumb Code    64  cmsis_os2.o(i.osKernelStart)
    osThreadNew                              0x08002765   Thumb Code   216  cmsis_os2.o(i.osThreadNew)
    pvPortMalloc                             0x0800320d   Thumb Code   296  heap_4.o(i.pvPortMalloc)
    pxPortInitialiseStack                    0x08003349   Thumb Code    30  port.o(i.pxPortInitialiseStack)
    ring_buffer_init                         0x0800336d   Thumb Code    12  ring_buffer.o(i.ring_buffer_init)
    ring_buffer_write                        0x08003379   Thumb Code    30  ring_buffer.o(i.ring_buffer_write)
    rt_hw_hard_fault_exception               0x08003399   Thumb Code   208  stm32f1xx_it.o(i.rt_hw_hard_fault_exception)
    svc_exception                            0x08003579   Thumb Code   196  stm32f1xx_it.o(i.svc_exception)
    usage_fault_exception                    0x0800367d   Thumb Code   136  stm32f1xx_it.o(i.usage_fault_exception)
    uxListRemove                             0x08003805   Thumb Code    40  list.o(i.uxListRemove)
    vApplicationGetIdleTaskMemory            0x0800382d   Thumb Code    14  cmsis_os2.o(i.vApplicationGetIdleTaskMemory)
    vApplicationGetTimerTaskMemory           0x08003845   Thumb Code    16  cmsis_os2.o(i.vApplicationGetTimerTaskMemory)
    vListInitialise                          0x0800385d   Thumb Code    26  list.o(i.vListInitialise)
    vListInitialiseItem                      0x08003877   Thumb Code     6  list.o(i.vListInitialiseItem)
    vListInsert                              0x0800387d   Thumb Code    52  list.o(i.vListInsert)
    vListInsertEnd                           0x080038b1   Thumb Code    24  list.o(i.vListInsertEnd)
    vPortEnterCritical                       0x080038c9   Thumb Code    76  port.o(i.vPortEnterCritical)
    vPortExitCritical                        0x0800391d   Thumb Code    56  port.o(i.vPortExitCritical)
    vPortFree                                0x08003959   Thumb Code   140  heap_4.o(i.vPortFree)
    vPortSetupTimerInterrupt                 0x080039ed   Thumb Code    36  port.o(i.vPortSetupTimerInterrupt)
    vPortValidateInterruptPriority           0x08003a15   Thumb Code   106  port.o(i.vPortValidateInterruptPriority)
    vQueueAddToRegistry                      0x08003a8d   Thumb Code    38  queue.o(i.vQueueAddToRegistry)
    vQueueWaitForMessageRestricted           0x08003ab9   Thumb Code    74  queue.o(i.vQueueWaitForMessageRestricted)
    vTaskDelay                               0x08003b05   Thumb Code    82  tasks.o(i.vTaskDelay)
    vTaskInternalSetTimeOutState             0x08003b61   Thumb Code    14  tasks.o(i.vTaskInternalSetTimeOutState)
    vTaskMissedYield                         0x08003b79   Thumb Code     8  tasks.o(i.vTaskMissedYield)
    vTaskPlaceOnEventList                    0x08003b85   Thumb Code    52  tasks.o(i.vTaskPlaceOnEventList)
    vTaskPlaceOnEventListRestricted          0x08003bbd   Thumb Code    60  tasks.o(i.vTaskPlaceOnEventListRestricted)
    vTaskStartScheduler                      0x08003bfd   Thumb Code   156  tasks.o(i.vTaskStartScheduler)
    vTaskSuspendAll                          0x08003cb5   Thumb Code    12  tasks.o(i.vTaskSuspendAll)
    vTaskSwitchContext                       0x08003cc5   Thumb Code   122  tasks.o(i.vTaskSwitchContext)
    xPortStartScheduler                      0x08003d55   Thumb Code   228  port.o(i.xPortStartScheduler)
    xQueueGenericCreateStatic                0x08003e4d   Thumb Code   222  queue.o(i.xQueueGenericCreateStatic)
    xQueueGenericReset                       0x08003f2d   Thumb Code   146  queue.o(i.xQueueGenericReset)
    xQueueGenericSend                        0x08003fc5   Thumb Code   420  queue.o(i.xQueueGenericSend)
    xQueueGenericSendFromISR                 0x0800416d   Thumb Code   248  queue.o(i.xQueueGenericSendFromISR)
    xQueueReceive                            0x08004265   Thumb Code   356  queue.o(i.xQueueReceive)
    xTaskCheckForTimeOut                     0x080043cd   Thumb Code   132  tasks.o(i.xTaskCheckForTimeOut)
    xTaskCreate                              0x08004459   Thumb Code   100  tasks.o(i.xTaskCreate)
    xTaskCreateStatic                        0x080044bd   Thumb Code   184  tasks.o(i.xTaskCreateStatic)
    xTaskGetSchedulerState                   0x08004575   Thumb Code    24  tasks.o(i.xTaskGetSchedulerState)
    xTaskGetTickCount                        0x08004595   Thumb Code     6  tasks.o(i.xTaskGetTickCount)
    xTaskIncrementTick                       0x080045a1   Thumb Code   280  tasks.o(i.xTaskIncrementTick)
    xTaskPriorityDisinherit                  0x080046e5   Thumb Code   152  tasks.o(i.xTaskPriorityDisinherit)
    xTaskRemoveFromEventList                 0x08004789   Thumb Code   126  tasks.o(i.xTaskRemoveFromEventList)
    xTaskResumeAll                           0x08004821   Thumb Code   222  tasks.o(i.xTaskResumeAll)
    xTimerCreateTimerTask                    0x08004925   Thumb Code   100  timers.o(i.xTimerCreateTimerTask)
    xTimerGenericCommand                     0x0800499d   Thumb Code   128  timers.o(i.xTimerGenericCommand)
    defaultTask_attributes                   0x08004a20   Data          36  freertos.o(.constdata)
    AHBPrescTable                            0x08004a44   Data          16  system_stm32f1xx.o(.constdata)
    APBPrescTable                            0x08004a54   Data           8  system_stm32f1xx.o(.constdata)
    Region$$Table$$Base                      0x08004ab4   Number         0  anon$$obj.o(Region$$Table)
    Region$$Table$$Limit                     0x08004ad4   Number         0  anon$$obj.o(Region$$Table)
    defaultTaskHandle                        0x20000000   Data           4  freertos.o(.data)
    uwTick                                   0x20000004   Data           4  stm32f1xx_hal.o(.data)
    uwTickPrio                               0x20000008   Data           4  stm32f1xx_hal.o(.data)
    uwTickFreq                               0x2000000c   Data           1  stm32f1xx_hal.o(.data)
    SystemCoreClock                          0x20000010   Data           4  system_stm32f1xx.o(.data)
    pxCurrentTCB                             0x2000001c   Data           4  tasks.o(.data)
    __stdout                                 0x20000094   Data           4  stdout.o(.data)
    test_buffer                              0x20000098   Data        1032  main.o(.bss)
    huart1                                   0x200004a0   Data          68  usart.o(.bss)
    huart3                                   0x200004e4   Data          68  usart.o(.bss)
    htim8                                    0x20000528   Data          72  stm32f1xx_hal_timebase_tim.o(.bss)
    xQueueRegistry                           0x20000570   Data          64  queue.o(.bss)
    __initial_sp                             0x20002248   Data           0  startup_stm32f103xe.o(STACK)



==============================================================================

Memory Map of the image

  Image Entry point : 0x08000131

  Load Region LR_IROM1 (Base: 0x08000000, Size: 0x00004b6c, Max: 0x00080000, ABSOLUTE)

    Execution Region ER_IROM1 (Exec base: 0x08000000, Load base: 0x08000000, Size: 0x00004ad4, Max: 0x00080000, ABSOLUTE)

    Exec Addr    Load Addr    Size         Type   Attr      Idx    E Section Name        Object

    0x08000000   0x08000000   0x00000130   Data   RO            3    RESET               startup_stm32f103xe.o
    0x08000130   0x08000130   0x00000000   Code   RO         4746  * .ARM.Collect$$$$00000000  mc_w.l(entry.o)
    0x08000130   0x08000130   0x00000004   Code   RO         5022    .ARM.Collect$$$$00000001  mc_w.l(entry2.o)
    0x08000134   0x08000134   0x00000004   Code   RO         5025    .ARM.Collect$$$$00000004  mc_w.l(entry5.o)
    0x08000138   0x08000138   0x00000000   Code   RO         5027    .ARM.Collect$$$$00000008  mc_w.l(entry7b.o)
    0x08000138   0x08000138   0x00000000   Code   RO         5029    .ARM.Collect$$$$0000000A  mc_w.l(entry8b.o)
    0x08000138   0x08000138   0x00000008   Code   RO         5030    .ARM.Collect$$$$0000000B  mc_w.l(entry9a.o)
    0x08000140   0x08000140   0x00000004   Code   RO         5037    .ARM.Collect$$$$0000000E  mc_w.l(entry12b.o)
    0x08000144   0x08000144   0x00000000   Code   RO         5032    .ARM.Collect$$$$0000000F  mc_w.l(entry10a.o)
    0x08000144   0x08000144   0x00000000   Code   RO         5034    .ARM.Collect$$$$00000011  mc_w.l(entry11a.o)
    0x08000144   0x08000144   0x00000004   Code   RO         5023    .ARM.Collect$$$$00002712  mc_w.l(entry2.o)
    0x08000148   0x08000148   0x00000096   Code   RO         4669    .emb_text           port.o
    0x080001de   0x080001de   0x00000002   PAD
    0x080001e0   0x080001e0   0x000000dc   Code   RO            4    .text               startup_stm32f103xe.o
    0x080002bc   0x080002bc   0x00000020   Code   RO         4749    .text               mc_w.l(llushr.o)
    0x080002dc   0x080002dc   0x00000024   Code   RO         4751    .text               mc_w.l(memcpya.o)
    0x08000300   0x08000300   0x00000024   Code   RO         4755    .text               mc_w.l(memseta.o)
    0x08000324   0x08000324   0x00000012   Code   RO         4757    .text               mc_w.l(strcpy.o)
    0x08000336   0x08000336   0x00000062   Code   RO         5041    .text               mc_w.l(uldiv.o)
    0x08000398   0x08000398   0x00000024   Code   RO         5054    .text               mc_w.l(init.o)
    0x080003bc   0x080003bc   0x0000001e   Code   RO         5056    .text               mc_w.l(llshl.o)
    0x080003da   0x080003da   0x00000018   Code   RO           13    i.A                 main.o
    0x080003f2   0x080003f2   0x00000002   PAD
    0x080003f4   0x080003f4   0x00000024   Code   RO           14    i.B                 main.o
    0x08000418   0x08000418   0x00000004   Code   RO          350    i.BusFault_Handler  stm32f1xx_it.o
    0x0800041c   0x0800041c   0x0000000a   Code   RO           15    i.C                 main.o
    0x08000426   0x08000426   0x00000002   Code   RO          351    i.DebugMon_Handler  stm32f1xx_it.o
    0x08000428   0x08000428   0x00000014   Code   RO         3034    i.EXTI15_10_IRQHandler  driver_key.o
    0x0800043c   0x0800043c   0x00000028   Code   RO         2937    i.EnableDebugIRQ    driver_usart.o
    0x08000464   0x08000464   0x00000006   Code   RO           17    i.Error_Handler     main.o
    0x0800046a   0x0800046a   0x00000056   Code   RO          926    i.HAL_DMA_Abort     stm32f1xx_hal_dma.o
    0x080004c0   0x080004c0   0x000001a8   Code   RO          927    i.HAL_DMA_Abort_IT  stm32f1xx_hal_dma.o
    0x08000668   0x08000668   0x0000003c   Code   RO         3035    i.HAL_GPIO_EXTI_Callback  driver_key.o
    0x080006a4   0x080006a4   0x0000001c   Code   RO          861    i.HAL_GPIO_EXTI_IRQHandler  stm32f1xx_hal_gpio.o
    0x080006c0   0x080006c0   0x00000340   Code   RO          862    i.HAL_GPIO_Init     stm32f1xx_hal_gpio.o
    0x08000a00   0x08000a00   0x00000010   Code   RO          864    i.HAL_GPIO_ReadPin  stm32f1xx_hal_gpio.o
    0x08000a10   0x08000a10   0x0000000c   Code   RO          866    i.HAL_GPIO_WritePin  stm32f1xx_hal_gpio.o
    0x08000a1c   0x08000a1c   0x0000000c   Code   RO          553    i.HAL_GetTick       stm32f1xx_hal.o
    0x08000a28   0x08000a28   0x00000018   Code   RO          559    i.HAL_IncTick       stm32f1xx_hal.o
    0x08000a40   0x08000a40   0x00000028   Code   RO          560    i.HAL_Init          stm32f1xx_hal.o
    0x08000a68   0x08000a68   0x00000088   Code   RO          467    i.HAL_InitTick      stm32f1xx_hal_timebase_tim.o
    0x08000af0   0x08000af0   0x00000060   Code   RO          443    i.HAL_MspInit       stm32f1xx_hal_msp.o
    0x08000b50   0x08000b50   0x00000020   Code   RO         1022    i.HAL_NVIC_EnableIRQ  stm32f1xx_hal_cortex.o
    0x08000b70   0x08000b70   0x0000007c   Code   RO         1028    i.HAL_NVIC_SetPriority  stm32f1xx_hal_cortex.o
    0x08000bec   0x08000bec   0x00000028   Code   RO         1029    i.HAL_NVIC_SetPriorityGrouping  stm32f1xx_hal_cortex.o
    0x08000c14   0x08000c14   0x0000018c   Code   RO          717    i.HAL_RCC_ClockConfig  stm32f1xx_hal_rcc.o
    0x08000da0   0x08000da0   0x00000044   Code   RO          721    i.HAL_RCC_GetClockConfig  stm32f1xx_hal_rcc.o
    0x08000de4   0x08000de4   0x0000000c   Code   RO          722    i.HAL_RCC_GetHCLKFreq  stm32f1xx_hal_rcc.o
    0x08000df0   0x08000df0   0x00000020   Code   RO          724    i.HAL_RCC_GetPCLK1Freq  stm32f1xx_hal_rcc.o
    0x08000e10   0x08000e10   0x00000020   Code   RO          725    i.HAL_RCC_GetPCLK2Freq  stm32f1xx_hal_rcc.o
    0x08000e30   0x08000e30   0x00000094   Code   RO          726    i.HAL_RCC_GetSysClockFreq  stm32f1xx_hal_rcc.o
    0x08000ec4   0x08000ec4   0x00000464   Code   RO          729    i.HAL_RCC_OscConfig  stm32f1xx_hal_rcc.o
    0x08001328   0x08001328   0x00000002   Code   RO         2265    i.HAL_TIMEx_BreakCallback  stm32f1xx_hal_tim_ex.o
    0x0800132a   0x0800132a   0x00000002   Code   RO         2266    i.HAL_TIMEx_CommutCallback  stm32f1xx_hal_tim_ex.o
    0x0800132c   0x0800132c   0x00000066   Code   RO         1550    i.HAL_TIM_Base_Init  stm32f1xx_hal_tim.o
    0x08001392   0x08001392   0x00000002   Code   RO         1552    i.HAL_TIM_Base_MspInit  stm32f1xx_hal_tim.o
    0x08001394   0x08001394   0x00000090   Code   RO         1555    i.HAL_TIM_Base_Start_IT  stm32f1xx_hal_tim.o
    0x08001424   0x08001424   0x00000002   Code   RO         1584    i.HAL_TIM_IC_CaptureCallback  stm32f1xx_hal_tim.o
    0x08001426   0x08001426   0x00000196   Code   RO         1598    i.HAL_TIM_IRQHandler  stm32f1xx_hal_tim.o
    0x080015bc   0x080015bc   0x00000002   Code   RO         1601    i.HAL_TIM_OC_DelayElapsedCallback  stm32f1xx_hal_tim.o
    0x080015be   0x080015be   0x00000002   Code   RO         1628    i.HAL_TIM_PWM_PulseFinishedCallback  stm32f1xx_hal_tim.o
    0x080015c0   0x080015c0   0x00000018   Code   RO           18    i.HAL_TIM_PeriodElapsedCallback  main.o
    0x080015d8   0x080015d8   0x00000002   Code   RO         1641    i.HAL_TIM_TriggerCallback  stm32f1xx_hal_tim.o
    0x080015da   0x080015da   0x00000002   Code   RO         2543    i.HAL_UARTEx_RxEventCallback  stm32f1xx_hal_uart.o
    0x080015dc   0x080015dc   0x00000002   Code   RO         2557    i.HAL_UART_ErrorCallback  stm32f1xx_hal_uart.o
    0x080015de   0x080015de   0x00000002   PAD
    0x080015e0   0x080015e0   0x0000024c   Code   RO         2560    i.HAL_UART_IRQHandler  stm32f1xx_hal_uart.o
    0x0800182c   0x0800182c   0x00000072   Code   RO         2561    i.HAL_UART_Init     stm32f1xx_hal_uart.o
    0x0800189e   0x0800189e   0x00000002   PAD
    0x080018a0   0x080018a0   0x00000124   Code   RO          303    i.HAL_UART_MspInit  usart.o
    0x080019c4   0x080019c4   0x00000018   Code   RO         2938    i.HAL_UART_RxCpltCallback  driver_usart.o
    0x080019dc   0x080019dc   0x00000018   Code   RO         2939    i.HAL_UART_TxCpltCallback  driver_usart.o
    0x080019f4   0x080019f4   0x00000088   Code   RO         3038    i.KEY_GPIO_ReInit   driver_key.o
    0x08001a7c   0x08001a7c   0x00000020   Code   RO          253    i.MX_FREERTOS_Init  freertos.o
    0x08001a9c   0x08001a9c   0x00000120   Code   RO          225    i.MX_GPIO_Init      gpio.o
    0x08001bbc   0x08001bbc   0x00000038   Code   RO          304    i.MX_USART1_UART_Init  usart.o
    0x08001bf4   0x08001bf4   0x00000038   Code   RO          305    i.MX_USART3_UART_Init  usart.o
    0x08001c2c   0x08001c2c   0x00000004   Code   RO          352    i.MemManage_Handler  stm32f1xx_it.o
    0x08001c30   0x08001c30   0x00000004   Code   RO          353    i.NMI_Handler       stm32f1xx_it.o
    0x08001c34   0x08001c34   0x00000028   Code   RO          730    i.RCC_Delay         stm32f1xx_hal_rcc.o
    0x08001c5c   0x08001c5c   0x00000048   Code   RO          254    i.StartDefaultTask  freertos.o
    0x08001ca4   0x08001ca4   0x00000034   Code   RO         4670    i.SysTick_Handler   port.o
    0x08001cd8   0x08001cd8   0x00000066   Code   RO           19    i.SystemClock_Config  main.o
    0x08001d3e   0x08001d3e   0x00000002   Code   RO         2900    i.SystemInit        system_stm32f1xx.o
    0x08001d40   0x08001d40   0x00000010   Code   RO          354    i.TIM8_UP_IRQHandler  stm32f1xx_it.o
    0x08001d50   0x08001d50   0x0000009c   Code   RO         1643    i.TIM_Base_SetConfig  stm32f1xx_hal_tim.o
    0x08001dec   0x08001dec   0x0000001c   Code   RO           20    i.TestDebug         main.o
    0x08001e08   0x08001e08   0x00000014   Code   RO         2574    i.UART_DMAAbortOnError  stm32f1xx_hal_uart.o
    0x08001e1c   0x08001e1c   0x00000036   Code   RO         2584    i.UART_EndRxTransfer  stm32f1xx_hal_uart.o
    0x08001e52   0x08001e52   0x00000020   Code   RO         2585    i.UART_EndTransmit_IT  stm32f1xx_hal_uart.o
    0x08001e72   0x08001e72   0x000000e4   Code   RO         2587    i.UART_Receive_IT   stm32f1xx_hal_uart.o
    0x08001f56   0x08001f56   0x00000002   PAD
    0x08001f58   0x08001f58   0x000000fc   Code   RO         2588    i.UART_SetConfig    stm32f1xx_hal_uart.o
    0x08002054   0x08002054   0x00000060   Code   RO         2591    i.UART_Transmit_IT  stm32f1xx_hal_uart.o
    0x080020b4   0x080020b4   0x00000034   Code   RO         2940    i.USART1_IRQHandler  driver_usart.o
    0x080020e8   0x080020e8   0x00000010   Code   RO          355    i.USART3_IRQHandler  stm32f1xx_it.o
    0x080020f8   0x080020f8   0x00000014   Code   RO           21    i.UsageFaultInit    main.o
    0x0800210c   0x0800210c   0x00000020   Code   RO         4968    i.__0printf$8       mc_w.l(printf8.o)
    0x0800212c   0x0800212c   0x00000010   Code   RO         1035    i.__NVIC_GetPriorityGrouping  stm32f1xx_hal_cortex.o
    0x0800213c   0x0800213c   0x00000028   Code   RO         1036    i.__NVIC_SetPriority  stm32f1xx_hal_cortex.o
    0x08002164   0x08002164   0x00000006   Code   RO         4184    i.__get_BASEPRI     cmsis_os2.o
    0x0800216a   0x0800216a   0x00000006   Code   RO         4185    i.__get_IPSR        cmsis_os2.o
    0x08002170   0x08002170   0x00000006   Code   RO         4186    i.__get_PRIMASK     cmsis_os2.o
    0x08002176   0x08002176   0x0000000e   Code   RO         5064    i.__scatterload_copy  mc_w.l(handlers.o)
    0x08002184   0x08002184   0x00000002   Code   RO         5065    i.__scatterload_null  mc_w.l(handlers.o)
    0x08002186   0x08002186   0x0000000e   Code   RO         5066    i.__scatterload_zeroinit  mc_w.l(handlers.o)
    0x08002194   0x08002194   0x00000404   Code   RO         4975    i._printf_core      mc_w.l(printf8.o)
    0x08002598   0x08002598   0x00000024   Code   RO         4976    i._printf_post_padding  mc_w.l(printf8.o)
    0x080025bc   0x080025bc   0x0000002e   Code   RO         4977    i._printf_pre_padding  mc_w.l(printf8.o)
    0x080025ea   0x080025ea   0x00000030   Code   RO          357    i.disassembly_ins_is_bl_blx  stm32f1xx_it.o
    0x0800261a   0x0800261a   0x00000002   PAD
    0x0800261c   0x0800261c   0x0000001c   Code   RO         2942    i.fputc             driver_usart.o
    0x08002638   0x08002638   0x00000020   Code   RO          358    i.is_in_text        stm32f1xx_it.o
    0x08002658   0x08002658   0x00000050   Code   RO           22    i.main              main.o
    0x080026a8   0x080026a8   0x00000038   Code   RO         4187    i.osDelay           cmsis_os2.o
    0x080026e0   0x080026e0   0x00000040   Code   RO         4201    i.osKernelInitialize  cmsis_os2.o
    0x08002720   0x08002720   0x00000044   Code   RO         4204    i.osKernelStart     cmsis_os2.o
    0x08002764   0x08002764   0x000000dc   Code   RO         4238    i.osThreadNew       cmsis_os2.o
    0x08002840   0x08002840   0x0000007c   Code   RO         3659    i.prvAddCurrentTaskToDelayedList  tasks.o
    0x080028bc   0x080028bc   0x000000b8   Code   RO         3660    i.prvAddNewTaskToReadyList  tasks.o
    0x08002974   0x08002974   0x00000074   Code   RO         4020    i.prvCheckForValidListAndQueue  timers.o
    0x080029e8   0x080029e8   0x00000048   Code   RO         3661    i.prvCheckTasksWaitingTermination  tasks.o
    0x08002a30   0x08002a30   0x0000002a   Code   RO         3252    i.prvCopyDataFromQueue  queue.o
    0x08002a5a   0x08002a5a   0x0000007c   Code   RO         3253    i.prvCopyDataToQueue  queue.o
    0x08002ad6   0x08002ad6   0x00000050   Code   RO         3662    i.prvDeleteTCB      tasks.o
    0x08002b26   0x08002b26   0x00000002   PAD
    0x08002b28   0x08002b28   0x00000028   Code   RO         4021    i.prvGetNextExpireTime  timers.o
    0x08002b50   0x08002b50   0x0000007c   Code   RO         4620    i.prvHeapInit       heap_4.o
    0x08002bcc   0x08002bcc   0x00000028   Code   RO         3663    i.prvIdleTask       tasks.o
    0x08002bf4   0x08002bf4   0x0000002a   Code   RO         3256    i.prvInitialiseNewQueue  queue.o
    0x08002c1e   0x08002c1e   0x000000b4   Code   RO         3664    i.prvInitialiseNewTask  tasks.o
    0x08002cd2   0x08002cd2   0x00000002   PAD
    0x08002cd4   0x08002cd4   0x00000068   Code   RO         3665    i.prvInitialiseTaskLists  tasks.o
    0x08002d3c   0x08002d3c   0x00000068   Code   RO         4621    i.prvInsertBlockIntoFreeList  heap_4.o
    0x08002da4   0x08002da4   0x00000058   Code   RO         4023    i.prvInsertTimerInActiveList  timers.o
    0x08002dfc   0x08002dfc   0x0000001a   Code   RO         3257    i.prvIsQueueEmpty   queue.o
    0x08002e16   0x08002e16   0x0000001e   Code   RO         3258    i.prvIsQueueFull    queue.o
    0x08002e34   0x08002e34   0x00000064   Code   RO         4024    i.prvProcessExpiredTimer  timers.o
    0x08002e98   0x08002e98   0x00000128   Code   RO         4025    i.prvProcessReceivedCommands  timers.o
    0x08002fc0   0x08002fc0   0x00000074   Code   RO         4026    i.prvProcessTimerOrBlockTask  timers.o
    0x08003034   0x08003034   0x00000034   Code   RO         3667    i.prvResetNextTaskUnblockTime  tasks.o
    0x08003068   0x08003068   0x0000002c   Code   RO         4027    i.prvSampleTimeNow  timers.o
    0x08003094   0x08003094   0x000000a0   Code   RO         4028    i.prvSwitchTimerLists  timers.o
    0x08003134   0x08003134   0x00000040   Code   RO         4671    i.prvTaskExitError  port.o
    0x08003174   0x08003174   0x0000001a   Code   RO         4029    i.prvTimerTask      timers.o
    0x0800318e   0x0800318e   0x0000007e   Code   RO         3259    i.prvUnlockQueue    queue.o
    0x0800320c   0x0800320c   0x0000013c   Code   RO         4622    i.pvPortMalloc      heap_4.o
    0x08003348   0x08003348   0x00000024   Code   RO         4672    i.pxPortInitialiseStack  port.o
    0x0800336c   0x0800336c   0x0000000c   Code   RO         2998    i.ring_buffer_init  ring_buffer.o
    0x08003378   0x08003378   0x0000001e   Code   RO         3000    i.ring_buffer_write  ring_buffer.o
    0x08003396   0x08003396   0x00000002   PAD
    0x08003398   0x08003398   0x000001e0   Code   RO          359    i.rt_hw_hard_fault_exception  stm32f1xx_it.o
    0x08003578   0x08003578   0x00000104   Code   RO          360    i.svc_exception     stm32f1xx_it.o
    0x0800367c   0x0800367c   0x00000188   Code   RO          361    i.usage_fault_exception  stm32f1xx_it.o
    0x08003804   0x08003804   0x00000028   Code   RO         3212    i.uxListRemove      list.o
    0x0800382c   0x0800382c   0x00000018   Code   RO         4250    i.vApplicationGetIdleTaskMemory  cmsis_os2.o
    0x08003844   0x08003844   0x00000018   Code   RO         4251    i.vApplicationGetTimerTaskMemory  cmsis_os2.o
    0x0800385c   0x0800385c   0x0000001a   Code   RO         3213    i.vListInitialise   list.o
    0x08003876   0x08003876   0x00000006   Code   RO         3214    i.vListInitialiseItem  list.o
    0x0800387c   0x0800387c   0x00000034   Code   RO         3215    i.vListInsert       list.o
    0x080038b0   0x080038b0   0x00000018   Code   RO         3216    i.vListInsertEnd    list.o
    0x080038c8   0x080038c8   0x00000054   Code   RO         4674    i.vPortEnterCritical  port.o
    0x0800391c   0x0800391c   0x0000003c   Code   RO         4675    i.vPortExitCritical  port.o
    0x08003958   0x08003958   0x00000094   Code   RO         4623    i.vPortFree         heap_4.o
    0x080039ec   0x080039ec   0x00000028   Code   RO         4676    i.vPortSetupTimerInterrupt  port.o
    0x08003a14   0x08003a14   0x00000078   Code   RO         4677    i.vPortValidateInterruptPriority  port.o
    0x08003a8c   0x08003a8c   0x0000002c   Code   RO         3265    i.vQueueAddToRegistry  queue.o
    0x08003ab8   0x08003ab8   0x0000004a   Code   RO         3269    i.vQueueWaitForMessageRestricted  queue.o
    0x08003b02   0x08003b02   0x00000002   PAD
    0x08003b04   0x08003b04   0x0000005c   Code   RO         3679    i.vTaskDelay        tasks.o
    0x08003b60   0x08003b60   0x00000018   Code   RO         3684    i.vTaskInternalSetTimeOutState  tasks.o
    0x08003b78   0x08003b78   0x0000000c   Code   RO         3685    i.vTaskMissedYield  tasks.o
    0x08003b84   0x08003b84   0x00000038   Code   RO         3687    i.vTaskPlaceOnEventList  tasks.o
    0x08003bbc   0x08003bbc   0x00000040   Code   RO         3688    i.vTaskPlaceOnEventListRestricted  tasks.o
    0x08003bfc   0x08003bfc   0x000000b8   Code   RO         3696    i.vTaskStartScheduler  tasks.o
    0x08003cb4   0x08003cb4   0x00000010   Code   RO         3698    i.vTaskSuspendAll   tasks.o
    0x08003cc4   0x08003cc4   0x00000090   Code   RO         3699    i.vTaskSwitchContext  tasks.o
    0x08003d54   0x08003d54   0x000000f8   Code   RO         4678    i.xPortStartScheduler  port.o
    0x08003e4c   0x08003e4c   0x000000de   Code   RO         3275    i.xQueueGenericCreateStatic  queue.o
    0x08003f2a   0x08003f2a   0x00000002   PAD
    0x08003f2c   0x08003f2c   0x00000098   Code   RO         3276    i.xQueueGenericReset  queue.o
    0x08003fc4   0x08003fc4   0x000001a8   Code   RO         3277    i.xQueueGenericSend  queue.o
    0x0800416c   0x0800416c   0x000000f8   Code   RO         3278    i.xQueueGenericSendFromISR  queue.o
    0x08004264   0x08004264   0x00000168   Code   RO         3287    i.xQueueReceive     queue.o
    0x080043cc   0x080043cc   0x0000008c   Code   RO         3700    i.xTaskCheckForTimeOut  tasks.o
    0x08004458   0x08004458   0x00000064   Code   RO         3701    i.xTaskCreate       tasks.o
    0x080044bc   0x080044bc   0x000000b8   Code   RO         3702    i.xTaskCreateStatic  tasks.o
    0x08004574   0x08004574   0x00000020   Code   RO         3706    i.xTaskGetSchedulerState  tasks.o
    0x08004594   0x08004594   0x0000000c   Code   RO         3707    i.xTaskGetTickCount  tasks.o
    0x080045a0   0x080045a0   0x00000144   Code   RO         3709    i.xTaskIncrementTick  tasks.o
    0x080046e4   0x080046e4   0x000000a4   Code   RO         3712    i.xTaskPriorityDisinherit  tasks.o
    0x08004788   0x08004788   0x00000098   Code   RO         3714    i.xTaskRemoveFromEventList  tasks.o
    0x08004820   0x08004820   0x00000104   Code   RO         3715    i.xTaskResumeAll    tasks.o
    0x08004924   0x08004924   0x00000078   Code   RO         4036    i.xTimerCreateTimerTask  timers.o
    0x0800499c   0x0800499c   0x00000084   Code   RO         4037    i.xTimerGenericCommand  timers.o
    0x08004a20   0x08004a20   0x00000024   Data   RO          255    .constdata          freertos.o
    0x08004a44   0x08004a44   0x00000018   Data   RO         2901    .constdata          system_stm32f1xx.o
    0x08004a5c   0x08004a5c   0x0000000c   Data   RO          256    .conststring        freertos.o
    0x08004a68   0x08004a68   0x0000004c   Data   RO          362    .conststring        stm32f1xx_it.o
    0x08004ab4   0x08004ab4   0x00000020   Data   RO         5062    Region$$Table       anon$$obj.o


    Execution Region RW_IRAM1 (Exec base: 0x20000000, Load base: 0x08004ad4, Size: 0x00002248, Max: 0x00010000, ABSOLUTE)

    Exec Addr    Load Addr    Size         Type   Attr      Idx    E Section Name        Object

    0x20000000   0x08004ad4   0x00000004   Data   RW          257    .data               freertos.o
    0x20000004   0x08004ad8   0x00000009   Data   RW          567    .data               stm32f1xx_hal.o
    0x2000000d   0x08004ae1   0x00000003   PAD
    0x20000010   0x08004ae4   0x00000004   Data   RW         2902    .data               system_stm32f1xx.o
    0x20000014   0x08004ae8   0x00000003   Data   RW         2943    .data               driver_usart.o
    0x20000017   0x08004aeb   0x00000002   Data   RW         3039    .data               driver_key.o
    0x20000019   0x08004aed   0x00000003   PAD
    0x2000001c   0x08004af0   0x0000003c   Data   RW         3718    .data               tasks.o
    0x20000058   0x08004b2c   0x00000014   Data   RW         4045    .data               timers.o
    0x2000006c   0x08004b40   0x00000004   Data   RW         4253    .data               cmsis_os2.o
    0x20000070   0x08004b44   0x00000018   Data   RW         4628    .data               heap_4.o
    0x20000088   0x08004b5c   0x0000000c   Data   RW         4679    .data               port.o
    0x20000094   0x08004b68   0x00000004   Data   RW         5038    .data               mc_w.l(stdout.o)
    0x20000098        -       0x00000408   Zero   RW           23    .bss                main.o
    0x200004a0        -       0x00000088   Zero   RW          306    .bss                usart.o
    0x20000528        -       0x00000048   Zero   RW          470    .bss                stm32f1xx_hal_timebase_tim.o
    0x20000570        -       0x00000040   Zero   RW         3291    .bss                queue.o
    0x200005b0        -       0x000004c4   Zero   RW         3717    .bss                tasks.o
    0x20000a74        -       0x00000118   Zero   RW         4044    .bss                timers.o
    0x20000b8c        -       0x000006b8   Zero   RW         4252    .bss                cmsis_os2.o
    0x20001244        -       0x00000c00   Zero   RW         4627    .bss                heap_4.o
    0x20001e44   0x08004b6c   0x00000004   PAD
    0x20001e48        -       0x00000400   Zero   RW            1    STACK               startup_stm32f103xe.o


==============================================================================

Image component sizes


      Code (inc. data)   RO Data    RW Data    ZI Data      Debug   Object Name

       474         38          0          4       1720      15162   cmsis_os2.o
       216         26          0          2          0       2246   driver_key.o
       168         38          0          3          0       3349   driver_usart.o
         0          0          0          0          0      20292   event_groups.o
       104         58         48          4          0       4501   freertos.o
       288         16          0          0          0       1051   gpio.o
       692         62          0         24       3072       4751   heap_4.o
       148          0          0          0          0       3502   list.o
       330         60          0          0       1032     500655   main.o
       854         78          0         12          0      11013   port.o
      1914         20          0          0         64      16932   queue.o
        42          0          0          0          0       1439   ring_buffer.o
       220         10        304          0       1024        880   startup_stm32f103xe.o
        76         20          0          9          0       5306   stm32f1xx_hal.o
       252         22          0          0          0      28758   stm32f1xx_hal_cortex.o
       510         10          0          0          0       1919   stm32f1xx_hal_dma.o
       888         44          0          0          0       3982   stm32f1xx_hal_gpio.o
        96         10          0          0          0        914   stm32f1xx_hal_msp.o
      1852        120          0          0          0       6713   stm32f1xx_hal_rcc.o
       818         44          0          0          0       6254   stm32f1xx_hal_tim.o
         4          0          0          0          0       1549   stm32f1xx_hal_tim_ex.o
       136         18          0          0         72       1495   stm32f1xx_hal_timebase_tim.o
      1388         10          0          0          0       7480   stm32f1xx_hal_uart.o
      1258        612         76          0          0       7227   stm32f1xx_it.o
         0          0          0          0          0       8968   stream_buffer.o
         2          0         24          4          0       1151   system_stm32f1xx.o
      2796        346          0         60       1220      23962   tasks.o
      1238        124          0         20        280      26839   timers.o
       404         46          0          0        136       2415   usart.o

    ----------------------------------------------------------------------
     17190       1832        484        148       8624     720705   Object Totals
         0          0         32          0          0          0   (incl. Generated)
        22          0          0          6          4          0   (incl. Padding)

    ----------------------------------------------------------------------

      Code (inc. data)   RO Data    RW Data    ZI Data      Debug   Library Member Name

         0          0          0          0          0          0   entry.o
         0          0          0          0          0          0   entry10a.o
         0          0          0          0          0          0   entry11a.o
         4          0          0          0          0          0   entry12b.o
         8          4          0          0          0          0   entry2.o
         4          0          0          0          0          0   entry5.o
         0          0          0          0          0          0   entry7b.o
         0          0          0          0          0          0   entry8b.o
         8          4          0          0          0          0   entry9a.o
        30          0          0          0          0          0   handlers.o
        36          8          0          0          0         68   init.o
        30          0          0          0          0         68   llshl.o
        32          0          0          0          0         68   llushr.o
        36          0          0          0          0         68   memcpya.o
        36          0          0          0          0        108   memseta.o
      1142         54          0          0          0        352   printf8.o
         0          0          0          4          0          0   stdout.o
        18          0          0          0          0         68   strcpy.o
        98          0          0          0          0         92   uldiv.o

    ----------------------------------------------------------------------
      1482         70          0          4          0        892   Library Totals
         0          0          0          0          0          0   (incl. Padding)

    ----------------------------------------------------------------------

      Code (inc. data)   RO Data    RW Data    ZI Data      Debug   Library Name

      1482         70          0          4          0        892   mc_w.l

    ----------------------------------------------------------------------
      1482         70          0          4          0        892   Library Totals

    ----------------------------------------------------------------------

==============================================================================


      Code (inc. data)   RO Data    RW Data    ZI Data      Debug   

     18672       1902        484        152       8624     713325   Grand Totals
     18672       1902        484        152       8624     713325   ELF Image Totals
     18672       1902        484        152          0          0   ROM Totals

==============================================================================

    Total RO  Size (Code + RO Data)                19156 (  18.71kB)
    Total RW  Size (RW Data + ZI Data)              8776 (   8.57kB)
    Total ROM Size (Code + RO Data + RW Data)      19308 (  18.86kB)

==============================================================================

