<html>
<body>
<pre>
<h1>µVision Build Log</h1>
<h2>Tool Versions:</h2>
IDE-Version: ¦ÌVision V5.32.0.0
Copyright (C) 2020 ARM Ltd and ARM Germany GmbH. All rights reserved.
License Information: YE SCOTTY, ii, LIC=SDA0P-MP5LA-63UMB-2LC9V-XKRD5-EJBT4
 
Tool Versions:
Toolchain:       MDK-ARM Plus  Version: 5.32.0.0
Toolchain Path:  C:\Private_Program\KEIL_V5\Core\ARM\ARMCC\Bin
C Compiler:      Armcc.exe V5.06 update 7 (build 960)
Assembler:       Armasm.exe V5.06 update 7 (build 960)
Linker/Locator:  ArmLink.exe V5.06 update 7 (build 960)
Library Manager: ArmAr.exe V5.06 update 7 (build 960)
Hex Converter:   FromElf.exe V5.06 update 7 (build 960)
CPU DLL:         SARMCM3.DLL V5.32.0.0
Dialog DLL:      DCM.DLL V1.17.3.0
Target DLL:      STLink\ST-LINKIII-KEIL_SWO.dll V3.0.8.0
Dialog DLL:      TCM.DLL V1.46.0.0
 
<h2>Project:</h2>
D:\Project\item\debug_handle\02_FreeRTOS_breakpoint(Î´µ÷Í¨)\MDK-ARM\F103_Moduel.uvprojx
Project File Date:  07/18/2024

<h2>Output:</h2>
*** Using Compiler 'V5.06 update 7 (build 960)', folder: 'C:\Private_Program\KEIL_V5\Core\ARM\ARMCC\Bin'
Rebuild target 'F103_Moduel'
assembling startup_stm32f103xe.s...
compiling usart.c...
..\ModuleDrivers\ring_buffer.h(54): warning:  #1-D: last line of file ends without a newline
  #endif /* __RING_BUFFER_H */
../Core/Src/usart.c: 1 warning, 0 errors
compiling stm32f1xx_hal_gpio_ex.c...
compiling gpio.c...
..\ModuleDrivers\ring_buffer.h(54): warning:  #1-D: last line of file ends without a newline
  #endif /* __RING_BUFFER_H */
../Core/Src/gpio.c: 1 warning, 0 errors
compiling stm32f1xx_hal_rcc.c...
compiling stm32f1xx_hal_timebase_tim.c...
compiling stm32f1xx_hal_rcc_ex.c...
compiling stm32f1xx_it.c...
..\ModuleDrivers\ring_buffer.h(54): warning:  #1-D: last line of file ends without a newline
  #endif /* __RING_BUFFER_H */
../Core/Src/stm32f1xx_it.c(168): warning:  #223-D: function "printf" declared implicitly
      printf("psr: 0x%08x\r\n", exception_info->psr);
../Core/Src/stm32f1xx_it.c(163): warning:  #550-D: variable "app_sp"  was set but never used
  	unsigned int *app_sp;
../Core/Src/stm32f1xx_it.c(165): warning:  #177-D: variable "i"  was declared but never referenced
  	int i;
../Core/Src/stm32f1xx_it.c(208): warning:  #223-D: function "printf" declared implicitly
      printf("use swi 0x%08x to emulat pop\r\n", swi_inst);
../Core/Src/stm32f1xx_it.c(324): warning:  #223-D: function "printf" declared implicitly
      printf("psr: 0x%08x\r\n", exception_info->psr);
../Core/Src/stm32f1xx_it.c(425): warning:  #223-D: function "printf" declared implicitly
      printf("UsageFault_Handler\r\n");
../Core/Src/stm32f1xx_it.c: 7 warnings, 0 errors
compiling stm32f1xx_hal_msp.c...
..\ModuleDrivers\ring_buffer.h(54): warning:  #1-D: last line of file ends without a newline
  #endif /* __RING_BUFFER_H */
../Core/Src/stm32f1xx_hal_msp.c: 1 warning, 0 errors
compiling main.c...
..\ModuleDrivers\ring_buffer.h(54): warning:  #1-D: last line of file ends without a newline
  #endif /* __RING_BUFFER_H */
..\ModuleDrivers\driver_key.h(69): warning:  #1-D: last line of file ends without a newline
  #endif /* __DRIVER_KEY_H */
../Core/Src/main.c(81): warning:  #223-D: function "strcpy" declared implicitly
  	strcpy(buf, "192.168.100.106 ");
../Core/Src/main.c(89): warning:  #177-D: function "D"  was declared but never referenced
  static void D(void)
../Core/Src/main.c: 4 warnings, 0 errors
compiling stm32f1xx_hal.c...
compiling freertos.c...
..\ModuleDrivers\ring_buffer.h(54): warning:  #1-D: last line of file ends without a newline
  #endif /* __RING_BUFFER_H */
../Core/Src/freertos.c: 1 warning, 0 errors
compiling stm32f1xx_hal_gpio.c...
compiling stm32f1xx_hal_dma.c...
compiling stm32f1xx_hal_cortex.c...
compiling croutine.c...
compiling event_groups.c...
compiling list.c...
compiling stm32f1xx_hal_pwr.c...
compiling queue.c...
compiling stream_buffer.c...
compiling timers.c...
compiling tasks.c...
compiling stm32f1xx_hal_flash.c...
compiling heap_4.c...
compiling ring_buffer.c...
..\ModuleDrivers\ring_buffer.h(54): warning:  #1-D: last line of file ends without a newline
  #endif /* __RING_BUFFER_H */
..\ModuleDrivers\ring_buffer.c(67): warning:  #1-D: last line of file ends without a newline
  }
..\ModuleDrivers\ring_buffer.c: 2 warnings, 0 errors
compiling system_stm32f1xx.c...
compiling driver_usart.c...
..\ModuleDrivers\ring_buffer.h(54): warning:  #1-D: last line of file ends without a newline
  #endif /* __RING_BUFFER_H */
..\ModuleDrivers\driver_usart.c(72): warning:  #940-D: missing return statement at end of non-void function "fputc" 
  }
..\ModuleDrivers\driver_usart.c: 2 warnings, 0 errors
compiling stm32f1xx_hal_flash_ex.c...
compiling stm32f1xx_hal_exti.c...
compiling stm32f1xx_hal_uart.c...
compiling driver_key.c...
..\ModuleDrivers\driver_key.h(69): warning:  #1-D: last line of file ends without a newline
  #endif /* __DRIVER_KEY_H */
..\ModuleDrivers\driver_key.c(100): warning:  #1-D: last line of file ends without a newline
  }
..\ModuleDrivers\driver_key.c: 2 warnings, 0 errors
compiling stm32f1xx_hal_tim_ex.c...
compiling stm32f1xx_hal_tim.c...
compiling cmsis_os2.c...
compiling port.c...
linking...
Program Size: Code=18672 RO-data=484 RW-data=152 ZI-data=8624  
FromELF: creating hex file...
After Build - User command #1: fromelf  --text  -a -c  --output=all.dis    F103_Moduel\F103_Moduel.axf
After Build - User command #2: fromelf  --bin  --output=test.bin F103_Moduel\F103_Moduel.axf
"F103_Moduel\F103_Moduel.axf" - 0 Error(s), 21 Warning(s).

<h2>Software Packages used:</h2>

Package Vendor: ARM
                http://www.keil.com/pack/ARM.CMSIS.5.7.0.pack
                ARM.CMSIS.5.7.0
                CMSIS (Cortex Microcontroller Software Interface Standard)
   * Component: CORE Version: 5.4.0

Package Vendor: Keil
                http://www.keil.com/pack/Keil.STM32F1xx_DFP.2.3.0.pack
                Keil.STM32F1xx_DFP.2.3.0
                STMicroelectronics STM32F1 Series Device Support, Drivers and Examples

<h2>Collection of Component include folders:</h2>
  .\RTE\_F103_Moduel
  C:\Private_Program\KEIL_V5\Pack\ARM\CMSIS\5.7.0\CMSIS\Core\Include
  C:\Private_Program\KEIL_V5\Pack\Keil\STM32F1xx_DFP\2.3.0\Device\Include

<h2>Collection of Component Files used:</h2>

   * Component: ARM::CMSIS:CORE:5.4.0
Build Time Elapsed:  00:00:11
</pre>
</body>
</html>
